Component: ARM Compiler 5.06 update 7 (build 960) Tool: armlink [4d3601]

==============================================================================

Section Cross References

    main.o(i.main) refers to glcd_mcbstm32e.o(i.GLCD_Initialize) for GLCD_Initialize
    main.o(i.main) refers to glcd_mcbstm32e.o(i.GLCD_SetBackgroundColor) for GLCD_SetBackgroundColor
    main.o(i.main) refers to glcd_mcbstm32e.o(i.GLCD_SetForegroundColor) for GLCD_SetForegroundColor
    main.o(i.main) refers to glcd_mcbstm32e.o(i.GLCD_ClearScreen) for GLCD_ClearScreen
    main.o(i.main) refers to boutons.o(i.cfgIO) for cfgIO
    main.o(i.main) refers to timers.o(i.cfgTimer1) for cfgTimer1
    main.o(i.main) refers to timers.o(i.cfgTimer2) for cfgTimer2
    main.o(i.main) refers to glcd_mcbstm32e.o(i.GLCD_SetFont) for GLCD_SetFont
    main.o(i.main) refers to glcd_mcbstm32e.o(i.GLCD_DrawString) for GLCD_DrawString
    main.o(i.main) refers to rand.o(.text) for srand
    main.o(i.main) refers to jeu.o(i.dessinePlateau) for dessinePlateau
    main.o(i.main) refers to rand.o(.emb_text) for rand
    main.o(i.main) refers to jeu.o(i.creerNourriture) for creerNourriture
    main.o(i.main) refers to jeu.o(i.creerEnnemi) for creerEnnemi
    main.o(i.main) refers to jeu.o(i.update) for update
    main.o(i.main) refers to jeu.o(i.collision) for collision
    main.o(i.main) refers to jeu.o(i.afficheBouleScore) for afficheBouleScore
    main.o(i.main) refers to glcd_mcbstm32e.o(i.GLCD_DrawBargraph) for GLCD_DrawBargraph
    main.o(i.main) refers to jeu.o(i.orienteTousLesEnnemis) for orienteTousLesEnnemis
    main.o(i.main) refers to jeu.o(i.collisionAvecEnnemis) for collisionAvecEnnemis
    main.o(i.main) refers to main.o(.bss) for mangeur
    main.o(i.main) refers to formes.o(.constdata) for bmpBoucheOuverteEst
    main.o(i.main) refers to glcd_fonts.o(.constdata) for GLCD_Font_16x24
    main.o(i.main) refers to main.o(.data) for nbEnnemis
    timers.o(i.TIM1_UP_TIM10_IRQHandler) refers to jeu.o(i.avance) for avance
    timers.o(i.TIM1_UP_TIM10_IRQHandler) refers to main.o(.bss) for mangeur
    timers.o(i.TIM1_UP_TIM10_IRQHandler) refers to formes.o(.constdata) for bmpBoucheFermee
    timers.o(i.TIM1_UP_TIM10_IRQHandler) refers to main.o(.data) for nbEnnemis
    boutons.o(i.EXTI15_10_IRQHandler) refers to main.o(.bss) for mangeur
    boutons.o(i.EXTI15_10_IRQHandler) refers to formes.o(.constdata) for bmpBoucheOuverteEst
    boutons.o(i.EXTI3_IRQHandler) refers to main.o(.bss) for mangeur
    boutons.o(i.EXTI3_IRQHandler) refers to formes.o(.constdata) for bmpBoucheOuverteSud
    jeu.o(i.afficheBouleScore) refers to glcd_mcbstm32e.o(i.GLCD_DrawBitmap) for GLCD_DrawBitmap
    jeu.o(i.afficheBouleScore) refers to formes.o(.constdata) for bmpNourriture
    jeu.o(i.avance) refers to jeu.o(i.orienteEnnemi) for orienteEnnemi
    jeu.o(i.avance) refers to main.o(.bss) for nourriture
    jeu.o(i.avance) refers to formes.o(.constdata) for bmpBoucheEnnemieFermee
    jeu.o(i.collisionAvecEnnemis) refers to jeu.o(i.collision) for collision
    jeu.o(i.collisionAvecEnnemis) refers to main.o(.bss) for ennemis
    jeu.o(i.collisionAvecEnnemis) refers to main.o(.data) for nbEnnemis
    jeu.o(i.creerEnnemi) refers to rand.o(.emb_text) for rand
    jeu.o(i.creerEnnemi) refers to jeu.o(i.collisionAvecEnnemis) for collisionAvecEnnemis
    jeu.o(i.creerEnnemi) refers to jeu.o(i.collision) for collision
    jeu.o(i.creerEnnemi) refers to jeu.o(i.orienteEnnemi) for orienteEnnemi
    jeu.o(i.creerEnnemi) refers to main.o(.bss) for ennemis
    jeu.o(i.creerEnnemi) refers to main.o(.data) for nbEnnemis
    jeu.o(i.creerNourriture) refers to rand.o(.emb_text) for rand
    jeu.o(i.creerNourriture) refers to jeu.o(i.collision) for collision
    jeu.o(i.creerNourriture) refers to glcd_mcbstm32e.o(i.GLCD_DrawBitmap) for GLCD_DrawBitmap
    jeu.o(i.creerNourriture) refers to formes.o(.constdata) for bmpNourriture
    jeu.o(i.creerNourriture) refers to main.o(.bss) for mangeur
    jeu.o(i.dessinePlateau) refers to glcd_mcbstm32e.o(i.GLCD_DrawBargraph) for GLCD_DrawBargraph
    jeu.o(i.dessinePlateau) refers to glcd_mcbstm32e.o(i.GLCD_SetFont) for GLCD_SetFont
    jeu.o(i.dessinePlateau) refers to glcd_mcbstm32e.o(i.GLCD_SetForegroundColor) for GLCD_SetForegroundColor
    jeu.o(i.dessinePlateau) refers to glcd_mcbstm32e.o(i.GLCD_DrawString) for GLCD_DrawString
    jeu.o(i.dessinePlateau) refers to glcd_fonts.o(.constdata) for GLCD_Font_6x8
    jeu.o(i.orienteEnnemi) refers to main.o(.bss) for nourriture
    jeu.o(i.orienteEnnemi) refers to formes.o(.constdata) for bmpBoucheEnnemieOuverteEst
    jeu.o(i.orienteTousLesEnnemis) refers to jeu.o(i.orienteEnnemi) for orienteEnnemi
    jeu.o(i.orienteTousLesEnnemis) refers to main.o(.bss) for ennemis
    jeu.o(i.orienteTousLesEnnemis) refers to main.o(.data) for nbEnnemis
    jeu.o(i.update) refers to glcd_mcbstm32e.o(i.GLCD_DrawBargraph) for GLCD_DrawBargraph
    jeu.o(i.update) refers to glcd_mcbstm32e.o(i.GLCD_DrawBitmap) for GLCD_DrawBitmap
    glcd_mcbstm32e.o(i.GLCD_ClearScreen) refers to glcd_mcbstm32e.o(i.GLCD_SetWindow) for GLCD_SetWindow
    glcd_mcbstm32e.o(i.GLCD_ClearScreen) refers to glcd_mcbstm32e.o(i.wr_cmd) for wr_cmd
    glcd_mcbstm32e.o(i.GLCD_ClearScreen) refers to glcd_mcbstm32e.o(i.wr_dat_only) for wr_dat_only
    glcd_mcbstm32e.o(i.GLCD_ClearScreen) refers to glcd_mcbstm32e.o(.data) for background_color
    glcd_mcbstm32e.o(i.GLCD_DrawBargraph) refers to glcd_mcbstm32e.o(i.GLCD_SetWindow) for GLCD_SetWindow
    glcd_mcbstm32e.o(i.GLCD_DrawBargraph) refers to glcd_mcbstm32e.o(i.wr_cmd) for wr_cmd
    glcd_mcbstm32e.o(i.GLCD_DrawBargraph) refers to glcd_mcbstm32e.o(i.wr_dat_only) for wr_dat_only
    glcd_mcbstm32e.o(i.GLCD_DrawBargraph) refers to glcd_mcbstm32e.o(.data) for background_color
    glcd_mcbstm32e.o(i.GLCD_DrawBitmap) refers to glcd_mcbstm32e.o(i.GLCD_SetWindow) for GLCD_SetWindow
    glcd_mcbstm32e.o(i.GLCD_DrawBitmap) refers to glcd_mcbstm32e.o(i.wr_cmd) for wr_cmd
    glcd_mcbstm32e.o(i.GLCD_DrawBitmap) refers to glcd_mcbstm32e.o(i.wr_dat_only) for wr_dat_only
    glcd_mcbstm32e.o(i.GLCD_DrawChar) refers to glcd_mcbstm32e.o(i.GLCD_SetWindow) for GLCD_SetWindow
    glcd_mcbstm32e.o(i.GLCD_DrawChar) refers to glcd_mcbstm32e.o(i.wr_cmd) for wr_cmd
    glcd_mcbstm32e.o(i.GLCD_DrawChar) refers to glcd_mcbstm32e.o(i.wr_dat_only) for wr_dat_only
    glcd_mcbstm32e.o(i.GLCD_DrawChar) refers to glcd_mcbstm32e.o(.data) for active_font
    glcd_mcbstm32e.o(i.GLCD_DrawHLine) refers to glcd_mcbstm32e.o(i.GLCD_SetWindow) for GLCD_SetWindow
    glcd_mcbstm32e.o(i.GLCD_DrawHLine) refers to glcd_mcbstm32e.o(i.wr_cmd) for wr_cmd
    glcd_mcbstm32e.o(i.GLCD_DrawHLine) refers to glcd_mcbstm32e.o(i.wr_dat_only) for wr_dat_only
    glcd_mcbstm32e.o(i.GLCD_DrawHLine) refers to glcd_mcbstm32e.o(.data) for foreground_color
    glcd_mcbstm32e.o(i.GLCD_DrawPixel) refers to glcd_mcbstm32e.o(i.wr_reg) for wr_reg
    glcd_mcbstm32e.o(i.GLCD_DrawPixel) refers to glcd_mcbstm32e.o(i.wr_cmd) for wr_cmd
    glcd_mcbstm32e.o(i.GLCD_DrawPixel) refers to glcd_mcbstm32e.o(i.wr_dat) for wr_dat
    glcd_mcbstm32e.o(i.GLCD_DrawPixel) refers to glcd_mcbstm32e.o(.data) for Himax
    glcd_mcbstm32e.o(i.GLCD_DrawRectangle) refers to glcd_mcbstm32e.o(i.GLCD_DrawHLine) for GLCD_DrawHLine
    glcd_mcbstm32e.o(i.GLCD_DrawRectangle) refers to glcd_mcbstm32e.o(i.GLCD_DrawVLine) for GLCD_DrawVLine
    glcd_mcbstm32e.o(i.GLCD_DrawString) refers to glcd_mcbstm32e.o(i.GLCD_DrawChar) for GLCD_DrawChar
    glcd_mcbstm32e.o(i.GLCD_DrawString) refers to glcd_mcbstm32e.o(.data) for active_font
    glcd_mcbstm32e.o(i.GLCD_DrawVLine) refers to glcd_mcbstm32e.o(i.GLCD_SetWindow) for GLCD_SetWindow
    glcd_mcbstm32e.o(i.GLCD_DrawVLine) refers to glcd_mcbstm32e.o(i.wr_cmd) for wr_cmd
    glcd_mcbstm32e.o(i.GLCD_DrawVLine) refers to glcd_mcbstm32e.o(i.wr_dat_only) for wr_dat_only
    glcd_mcbstm32e.o(i.GLCD_DrawVLine) refers to glcd_mcbstm32e.o(.data) for foreground_color
    glcd_mcbstm32e.o(i.GLCD_FrameBufferAccess) refers to glcd_mcbstm32e.o(i.GLCD_SetWindow) for GLCD_SetWindow
    glcd_mcbstm32e.o(i.GLCD_FrameBufferAccess) refers to glcd_mcbstm32e.o(i.wr_reg) for wr_reg
    glcd_mcbstm32e.o(i.GLCD_FrameBufferAccess) refers to glcd_mcbstm32e.o(i.wr_cmd) for wr_cmd
    glcd_mcbstm32e.o(i.GLCD_Initialize) refers to glcd_mcbstm32e.o(i.delay_ms) for delay_ms
    glcd_mcbstm32e.o(i.GLCD_Initialize) refers to glcd_mcbstm32e.o(i.wr_cmd) for wr_cmd
    glcd_mcbstm32e.o(i.GLCD_Initialize) refers to glcd_mcbstm32e.o(i.rd_dat) for rd_dat
    glcd_mcbstm32e.o(i.GLCD_Initialize) refers to glcd_mcbstm32e.o(i.wr_reg) for wr_reg
    glcd_mcbstm32e.o(i.GLCD_Initialize) refers to glcd_mcbstm32e.o(.data) for Himax
    glcd_mcbstm32e.o(i.GLCD_ReadPixel) refers to glcd_mcbstm32e.o(i.wr_reg) for wr_reg
    glcd_mcbstm32e.o(i.GLCD_ReadPixel) refers to glcd_mcbstm32e.o(i.wr_cmd) for wr_cmd
    glcd_mcbstm32e.o(i.GLCD_ReadPixel) refers to glcd_mcbstm32e.o(i.rd_dat) for rd_dat
    glcd_mcbstm32e.o(i.GLCD_ReadPixel) refers to glcd_mcbstm32e.o(.data) for Himax
    glcd_mcbstm32e.o(i.GLCD_SetBackgroundColor) refers to glcd_mcbstm32e.o(.data) for background_color
    glcd_mcbstm32e.o(i.GLCD_SetFont) refers to glcd_mcbstm32e.o(.data) for active_font
    glcd_mcbstm32e.o(i.GLCD_SetForegroundColor) refers to glcd_mcbstm32e.o(.data) for foreground_color
    glcd_mcbstm32e.o(i.GLCD_SetWindow) refers to glcd_mcbstm32e.o(i.wr_reg) for wr_reg
    glcd_mcbstm32e.o(i.GLCD_SetWindow) refers to glcd_mcbstm32e.o(.data) for Himax
    glcd_mcbstm32e.o(i.delay_ms) refers to system_stm32f10x.o(.data) for SystemCoreClock
    glcd_mcbstm32e.o(i.wr_reg) refers to glcd_mcbstm32e.o(i.wr_cmd) for wr_cmd
    glcd_mcbstm32e.o(i.wr_reg) refers to glcd_mcbstm32e.o(i.wr_dat) for wr_dat
    stm32f10x_gpio.o(i.GPIO_AFIODeInit) refers to stm32f10x_rcc.o(i.RCC_APB2PeriphResetCmd) for RCC_APB2PeriphResetCmd
    stm32f10x_gpio.o(i.GPIO_DeInit) refers to stm32f10x_rcc.o(i.RCC_APB2PeriphResetCmd) for RCC_APB2PeriphResetCmd
    stm32f10x_rcc.o(i.RCC_GetClocksFreq) refers to stm32f10x_rcc.o(.data) for APBAHBPrescTable
    stm32f10x_rcc.o(i.RCC_WaitForHSEStartUp) refers to stm32f10x_rcc.o(i.RCC_GetFlagStatus) for RCC_GetFlagStatus
    startup_stm32f10x_xl.o(STACK) refers (Special) to heapauxi.o(.text) for __use_two_region_memory
    startup_stm32f10x_xl.o(HEAP) refers (Special) to heapauxi.o(.text) for __use_two_region_memory
    startup_stm32f10x_xl.o(RESET) refers (Special) to heapauxi.o(.text) for __use_two_region_memory
    startup_stm32f10x_xl.o(RESET) refers to startup_stm32f10x_xl.o(STACK) for __initial_sp
    startup_stm32f10x_xl.o(RESET) refers to startup_stm32f10x_xl.o(.text) for Reset_Handler
    startup_stm32f10x_xl.o(RESET) refers to boutons.o(i.EXTI3_IRQHandler) for EXTI3_IRQHandler
    startup_stm32f10x_xl.o(RESET) refers to timers.o(i.TIM1_UP_TIM10_IRQHandler) for TIM1_UP_TIM10_IRQHandler
    startup_stm32f10x_xl.o(RESET) refers to timers.o(i.TIM2_IRQHandler) for TIM2_IRQHandler
    startup_stm32f10x_xl.o(RESET) refers to boutons.o(i.EXTI15_10_IRQHandler) for EXTI15_10_IRQHandler
    startup_stm32f10x_xl.o(.text) refers (Special) to heapauxi.o(.text) for __use_two_region_memory
    startup_stm32f10x_xl.o(.text) refers to system_stm32f10x.o(i.SystemInit) for SystemInit
    startup_stm32f10x_xl.o(.text) refers to __main.o(!!!main) for __main
    startup_stm32f10x_xl.o(.text) refers to startup_stm32f10x_xl.o(HEAP) for Heap_Mem
    startup_stm32f10x_xl.o(.text) refers to startup_stm32f10x_xl.o(STACK) for Stack_Mem
    system_stm32f10x.o(i.SetSysClock) refers to system_stm32f10x.o(i.SetSysClockTo72) for SetSysClockTo72
    system_stm32f10x.o(i.SystemCoreClockUpdate) refers to system_stm32f10x.o(.data) for SystemCoreClock
    system_stm32f10x.o(i.SystemInit) refers to system_stm32f10x.o(i.SetSysClock) for SetSysClock
    rand.o(.emb_text) refers (Special) to libinit2.o(.ARM.Collect$$libinit$$0000000D) for __rt_lib_init_rand_2
    rand.o(.emb_text) refers to rand.o(.text) for _rand_init
    rand.o(.emb_text) refers to rand.o(.bss) for _random_number_data
    rand.o(.text) refers (Special) to libinit2.o(.ARM.Collect$$libinit$$0000000D) for __rt_lib_init_rand_2
    rand.o(.text) refers to rand.o(.bss) for .bss
    rand.o(.bss) refers (Special) to libinit2.o(.ARM.Collect$$libinit$$0000000D) for __rt_lib_init_rand_2
    __main.o(!!!main) refers to __rtentry.o(.ARM.Collect$$rtentry$$00000000) for __rt_entry
    __rtentry.o(.ARM.Collect$$rtentry$$00000000) refers (Special) to __rtentry2.o(.ARM.Collect$$rtentry$$0000000A) for __rt_entry_li
    __rtentry.o(.ARM.Collect$$rtentry$$00000000) refers (Special) to __rtentry2.o(.ARM.Collect$$rtentry$$0000000D) for __rt_entry_main
    __rtentry.o(.ARM.Collect$$rtentry$$00000000) refers (Special) to __rtentry2.o(.ARM.Collect$$rtentry$$0000000C) for __rt_entry_postli_1
    __rtentry.o(.ARM.Collect$$rtentry$$00000000) refers (Special) to __rtentry2.o(.ARM.Collect$$rtentry$$00000009) for __rt_entry_postsh_1
    __rtentry.o(.ARM.Collect$$rtentry$$00000000) refers (Special) to __rtentry2.o(.ARM.Collect$$rtentry$$00000002) for __rt_entry_presh_1
    __rtentry.o(.ARM.Collect$$rtentry$$00000000) refers (Special) to __rtentry4.o(.ARM.Collect$$rtentry$$00000004) for __rt_entry_sh
    libinit2.o(.ARM.Collect$$libinit$$0000000D) refers (Weak) to rand.o(.text) for _rand_init
    libinit2.o(.ARM.Collect$$libinit$$00000010) refers to libinit2.o(.ARM.Collect$$libinit$$0000000F) for .ARM.Collect$$libinit$$0000000F
    libinit2.o(.ARM.Collect$$libinit$$00000012) refers to libinit2.o(.ARM.Collect$$libinit$$0000000F) for .ARM.Collect$$libinit$$0000000F
    libinit2.o(.ARM.Collect$$libinit$$00000014) refers to libinit2.o(.ARM.Collect$$libinit$$0000000F) for .ARM.Collect$$libinit$$0000000F
    libinit2.o(.ARM.Collect$$libinit$$00000016) refers to libinit2.o(.ARM.Collect$$libinit$$0000000F) for .ARM.Collect$$libinit$$0000000F
    libinit2.o(.ARM.Collect$$libinit$$00000018) refers to libinit2.o(.ARM.Collect$$libinit$$0000000F) for .ARM.Collect$$libinit$$0000000F
    libinit2.o(.ARM.Collect$$libinit$$00000026) refers to argv_veneer.o(.emb_text) for __ARM_argv_veneer
    libinit2.o(.ARM.Collect$$libinit$$00000027) refers to argv_veneer.o(.emb_text) for __ARM_argv_veneer
    __rtentry2.o(.ARM.Collect$$rtentry$$00000008) refers to boardinit2.o(.text) for _platform_post_stackheap_init
    __rtentry2.o(.ARM.Collect$$rtentry$$0000000A) refers to libinit.o(.ARM.Collect$$libinit$$00000000) for __rt_lib_init
    __rtentry2.o(.ARM.Collect$$rtentry$$0000000B) refers to boardinit3.o(.text) for _platform_post_lib_init
    __rtentry2.o(.ARM.Collect$$rtentry$$0000000D) refers to main.o(i.main) for main
    __rtentry2.o(.ARM.Collect$$rtentry$$0000000D) refers to exit.o(.text) for exit
    __rtentry2.o(.ARM.exidx) refers to __rtentry2.o(.ARM.Collect$$rtentry$$00000001) for .ARM.Collect$$rtentry$$00000001
    __rtentry2.o(.ARM.exidx) refers to __rtentry2.o(.ARM.Collect$$rtentry$$00000008) for .ARM.Collect$$rtentry$$00000008
    __rtentry2.o(.ARM.exidx) refers to __rtentry2.o(.ARM.Collect$$rtentry$$0000000A) for .ARM.Collect$$rtentry$$0000000A
    __rtentry2.o(.ARM.exidx) refers to __rtentry2.o(.ARM.Collect$$rtentry$$0000000B) for .ARM.Collect$$rtentry$$0000000B
    __rtentry2.o(.ARM.exidx) refers to __rtentry2.o(.ARM.Collect$$rtentry$$0000000D) for .ARM.Collect$$rtentry$$0000000D
    __rtentry4.o(.ARM.Collect$$rtentry$$00000004) refers to sys_stackheap_outer.o(.text) for __user_setup_stackheap
    __rtentry4.o(.ARM.exidx) refers to __rtentry4.o(.ARM.Collect$$rtentry$$00000004) for .ARM.Collect$$rtentry$$00000004
    argv_veneer.o(.emb_text) refers to no_argv.o(.text) for __ARM_get_argv
    sys_stackheap_outer.o(.text) refers to libspace.o(.text) for __user_perproc_libspace
    sys_stackheap_outer.o(.text) refers to startup_stm32f10x_xl.o(.text) for __user_initial_stackheap
    exit.o(.text) refers to rtexit.o(.ARM.Collect$$rtexit$$00000000) for __rt_exit
    _get_argv_nomalloc.o(.text) refers (Special) to hrguard.o(.text) for __heap_region$guard
    _get_argv_nomalloc.o(.text) refers to defsig_rtmem_outer.o(.text) for __rt_SIGRTMEM
    _get_argv_nomalloc.o(.text) refers to sys_command.o(.text) for _sys_command_string
    libinit.o(.ARM.Collect$$libinit$$00000000) refers (Special) to libinit2.o(.ARM.Collect$$libinit$$0000002E) for __rt_lib_init_alloca_1
    libinit.o(.ARM.Collect$$libinit$$00000000) refers (Special) to libinit2.o(.ARM.Collect$$libinit$$0000002C) for __rt_lib_init_argv_1
    libinit.o(.ARM.Collect$$libinit$$00000000) refers (Special) to libinit2.o(.ARM.Collect$$libinit$$0000001B) for __rt_lib_init_atexit_1
    libinit.o(.ARM.Collect$$libinit$$00000000) refers (Special) to libinit2.o(.ARM.Collect$$libinit$$00000021) for __rt_lib_init_clock_1
    libinit.o(.ARM.Collect$$libinit$$00000000) refers (Special) to libinit2.o(.ARM.Collect$$libinit$$00000032) for __rt_lib_init_cpp_1
    libinit.o(.ARM.Collect$$libinit$$00000000) refers (Special) to libinit2.o(.ARM.Collect$$libinit$$00000030) for __rt_lib_init_exceptions_1
    libinit.o(.ARM.Collect$$libinit$$00000000) refers (Special) to libinit2.o(.ARM.Collect$$libinit$$00000002) for __rt_lib_init_fp_1
    libinit.o(.ARM.Collect$$libinit$$00000000) refers (Special) to libinit2.o(.ARM.Collect$$libinit$$0000001F) for __rt_lib_init_fp_trap_1
    libinit.o(.ARM.Collect$$libinit$$00000000) refers (Special) to libinit2.o(.ARM.Collect$$libinit$$00000023) for __rt_lib_init_getenv_1
    libinit.o(.ARM.Collect$$libinit$$00000000) refers (Special) to libinit2.o(.ARM.Collect$$libinit$$0000000A) for __rt_lib_init_heap_1
    libinit.o(.ARM.Collect$$libinit$$00000000) refers (Special) to libinit2.o(.ARM.Collect$$libinit$$00000011) for __rt_lib_init_lc_collate_1
    libinit.o(.ARM.Collect$$libinit$$00000000) refers (Special) to libinit2.o(.ARM.Collect$$libinit$$00000013) for __rt_lib_init_lc_ctype_1
    libinit.o(.ARM.Collect$$libinit$$00000000) refers (Special) to libinit2.o(.ARM.Collect$$libinit$$00000015) for __rt_lib_init_lc_monetary_1
    libinit.o(.ARM.Collect$$libinit$$00000000) refers (Special) to libinit2.o(.ARM.Collect$$libinit$$00000017) for __rt_lib_init_lc_numeric_1
    libinit.o(.ARM.Collect$$libinit$$00000000) refers (Special) to libinit2.o(.ARM.Collect$$libinit$$00000019) for __rt_lib_init_lc_time_1
    libinit.o(.ARM.Collect$$libinit$$00000000) refers (Special) to libinit2.o(.ARM.Collect$$libinit$$00000004) for __rt_lib_init_preinit_1
    libinit.o(.ARM.Collect$$libinit$$00000000) refers (Special) to libinit2.o(.ARM.Collect$$libinit$$0000000E) for __rt_lib_init_rand_1
    libinit.o(.ARM.Collect$$libinit$$00000000) refers (Special) to libinit2.o(.ARM.Collect$$libinit$$00000033) for __rt_lib_init_return
    libinit.o(.ARM.Collect$$libinit$$00000000) refers (Special) to libinit2.o(.ARM.Collect$$libinit$$0000001D) for __rt_lib_init_signal_1
    libinit.o(.ARM.Collect$$libinit$$00000000) refers (Special) to libinit2.o(.ARM.Collect$$libinit$$00000025) for __rt_lib_init_stdio_1
    libinit.o(.ARM.Collect$$libinit$$00000000) refers (Special) to libinit2.o(.ARM.Collect$$libinit$$0000000C) for __rt_lib_init_user_alloc_1
    sys_command.o(.text) refers (Special) to use_no_semi.o(.text) for __I$use$semihosting
    sys_command.o(.text) refers (Special) to indicate_semi.o(.text) for __semihosting_library_function
    libspace.o(.text) refers to libspace.o(.bss) for __libspace_start
    rtexit.o(.ARM.Collect$$rtexit$$00000000) refers (Special) to rtexit2.o(.ARM.Collect$$rtexit$$00000004) for __rt_exit_exit
    rtexit.o(.ARM.Collect$$rtexit$$00000000) refers (Special) to rtexit2.o(.ARM.Collect$$rtexit$$00000003) for __rt_exit_ls
    rtexit.o(.ARM.Collect$$rtexit$$00000000) refers (Special) to rtexit2.o(.ARM.Collect$$rtexit$$00000002) for __rt_exit_prels_1
    rtexit.o(.ARM.exidx) refers (Special) to rtexit2.o(.ARM.Collect$$rtexit$$00000004) for __rt_exit_exit
    rtexit.o(.ARM.exidx) refers (Special) to rtexit2.o(.ARM.Collect$$rtexit$$00000003) for __rt_exit_ls
    rtexit.o(.ARM.exidx) refers (Special) to rtexit2.o(.ARM.Collect$$rtexit$$00000002) for __rt_exit_prels_1
    rtexit.o(.ARM.exidx) refers to rtexit.o(.ARM.Collect$$rtexit$$00000000) for .ARM.Collect$$rtexit$$00000000
    defsig_rtmem_outer.o(.text) refers to defsig_rtmem_inner.o(.text) for __rt_SIGRTMEM_inner
    defsig_rtmem_outer.o(.text) refers to defsig_exit.o(.text) for __sig_exit
    defsig_rtmem_formal.o(.text) refers to rt_raise.o(.text) for __rt_raise
    rtexit2.o(.ARM.Collect$$rtexit$$00000003) refers to libshutdown.o(.ARM.Collect$$libshutdown$$00000000) for __rt_lib_shutdown
    rtexit2.o(.ARM.Collect$$rtexit$$00000004) refers to sys_exit.o(.text) for _sys_exit
    rtexit2.o(.ARM.exidx) refers to rtexit2.o(.ARM.Collect$$rtexit$$00000001) for .ARM.Collect$$rtexit$$00000001
    rtexit2.o(.ARM.exidx) refers to rtexit2.o(.ARM.Collect$$rtexit$$00000003) for .ARM.Collect$$rtexit$$00000003
    rtexit2.o(.ARM.exidx) refers to rtexit2.o(.ARM.Collect$$rtexit$$00000004) for .ARM.Collect$$rtexit$$00000004
    rt_raise.o(.text) refers to __raise.o(.text) for __raise
    rt_raise.o(.text) refers to sys_exit.o(.text) for _sys_exit
    defsig_exit.o(.text) refers to sys_exit.o(.text) for _sys_exit
    defsig_rtmem_inner.o(.text) refers to defsig_general.o(.text) for __default_signal_display
    sys_exit.o(.text) refers (Special) to use_no_semi.o(.text) for __I$use$semihosting
    sys_exit.o(.text) refers (Special) to indicate_semi.o(.text) for __semihosting_library_function
    __raise.o(.text) refers to defsig.o(CL$$defsig) for __default_signal_handler
    defsig_general.o(.text) refers to sys_wrch.o(.text) for _ttywrch
    libshutdown.o(.ARM.Collect$$libshutdown$$00000000) refers (Special) to libshutdown2.o(.ARM.Collect$$libshutdown$$00000004) for __rt_lib_shutdown_cpp_1
    libshutdown.o(.ARM.Collect$$libshutdown$$00000000) refers (Special) to libshutdown2.o(.ARM.Collect$$libshutdown$$00000002) for __rt_lib_shutdown_fini_1
    libshutdown.o(.ARM.Collect$$libshutdown$$00000000) refers (Special) to libshutdown2.o(.ARM.Collect$$libshutdown$$00000009) for __rt_lib_shutdown_fp_trap_1
    libshutdown.o(.ARM.Collect$$libshutdown$$00000000) refers (Special) to libshutdown2.o(.ARM.Collect$$libshutdown$$00000011) for __rt_lib_shutdown_heap_1
    libshutdown.o(.ARM.Collect$$libshutdown$$00000000) refers (Special) to libshutdown2.o(.ARM.Collect$$libshutdown$$00000012) for __rt_lib_shutdown_return
    libshutdown.o(.ARM.Collect$$libshutdown$$00000000) refers (Special) to libshutdown2.o(.ARM.Collect$$libshutdown$$0000000C) for __rt_lib_shutdown_signal_1
    libshutdown.o(.ARM.Collect$$libshutdown$$00000000) refers (Special) to libshutdown2.o(.ARM.Collect$$libshutdown$$00000006) for __rt_lib_shutdown_stdio_1
    libshutdown.o(.ARM.Collect$$libshutdown$$00000000) refers (Special) to libshutdown2.o(.ARM.Collect$$libshutdown$$0000000E) for __rt_lib_shutdown_user_alloc_1
    sys_wrch.o(.text) refers (Special) to use_no_semi.o(.text) for __I$use$semihosting
    sys_wrch.o(.text) refers (Special) to indicate_semi.o(.text) for __semihosting_library_function
    defsig.o(CL$$defsig) refers to defsig_rtmem_inner.o(.text) for __rt_SIGRTMEM_inner
    defsig_abrt_inner.o(.text) refers to defsig_general.o(.text) for __default_signal_display
    defsig_fpe_inner.o(.text) refers to defsig_general.o(.text) for __default_signal_display
    defsig_rtred_inner.o(.text) refers to defsig_general.o(.text) for __default_signal_display
    defsig_stak_inner.o(.text) refers to defsig_general.o(.text) for __default_signal_display
    defsig_pvfn_inner.o(.text) refers to defsig_general.o(.text) for __default_signal_display
    defsig_cppl_inner.o(.text) refers to defsig_general.o(.text) for __default_signal_display
    defsig_segv_inner.o(.text) refers to defsig_general.o(.text) for __default_signal_display
    defsig_other.o(.text) refers to defsig_general.o(.text) for __default_signal_display


==============================================================================

Removing Unused input sections from the image.

    Removing main.o(.rev16_text), (4 bytes).
    Removing main.o(.revsh_text), (4 bytes).
    Removing main.o(.rrx_text), (6 bytes).
    Removing timers.o(.rev16_text), (4 bytes).
    Removing timers.o(.revsh_text), (4 bytes).
    Removing timers.o(.rrx_text), (6 bytes).
    Removing boutons.o(.rev16_text), (4 bytes).
    Removing boutons.o(.revsh_text), (4 bytes).
    Removing boutons.o(.rrx_text), (6 bytes).
    Removing jeu.o(.rev16_text), (4 bytes).
    Removing jeu.o(.revsh_text), (4 bytes).
    Removing jeu.o(.rrx_text), (6 bytes).
    Removing glcd_mcbstm32e.o(.rev16_text), (4 bytes).
    Removing glcd_mcbstm32e.o(.revsh_text), (4 bytes).
    Removing glcd_mcbstm32e.o(.rrx_text), (6 bytes).
    Removing glcd_mcbstm32e.o(i.GLCD_DrawHLine), (60 bytes).
    Removing glcd_mcbstm32e.o(i.GLCD_DrawPixel), (128 bytes).
    Removing glcd_mcbstm32e.o(i.GLCD_DrawRectangle), (58 bytes).
    Removing glcd_mcbstm32e.o(i.GLCD_DrawVLine), (60 bytes).
    Removing glcd_mcbstm32e.o(i.GLCD_FrameBufferAccess), (44 bytes).
    Removing glcd_mcbstm32e.o(i.GLCD_FrameBufferAddress), (8 bytes).
    Removing glcd_mcbstm32e.o(i.GLCD_ReadPixel), (184 bytes).
    Removing glcd_mcbstm32e.o(i.GLCD_Uninitialize), (16 bytes).
    Removing glcd_mcbstm32e.o(i.GLCD_VScroll), (8 bytes).
    Removing misc.o(.rev16_text), (4 bytes).
    Removing misc.o(.revsh_text), (4 bytes).
    Removing misc.o(.rrx_text), (6 bytes).
    Removing misc.o(i.NVIC_Init), (112 bytes).
    Removing misc.o(i.NVIC_PriorityGroupConfig), (20 bytes).
    Removing misc.o(i.NVIC_SetVectorTable), (20 bytes).
    Removing misc.o(i.NVIC_SystemLPConfig), (32 bytes).
    Removing misc.o(i.SysTick_CLKSourceConfig), (40 bytes).
    Removing stm32f10x_gpio.o(.rev16_text), (4 bytes).
    Removing stm32f10x_gpio.o(.revsh_text), (4 bytes).
    Removing stm32f10x_gpio.o(.rrx_text), (6 bytes).
    Removing stm32f10x_gpio.o(i.GPIO_AFIODeInit), (20 bytes).
    Removing stm32f10x_gpio.o(i.GPIO_DeInit), (200 bytes).
    Removing stm32f10x_gpio.o(i.GPIO_ETH_MediaInterfaceConfig), (12 bytes).
    Removing stm32f10x_gpio.o(i.GPIO_EXTILineConfig), (64 bytes).
    Removing stm32f10x_gpio.o(i.GPIO_EventOutputCmd), (12 bytes).
    Removing stm32f10x_gpio.o(i.GPIO_EventOutputConfig), (32 bytes).
    Removing stm32f10x_gpio.o(i.GPIO_Init), (278 bytes).
    Removing stm32f10x_gpio.o(i.GPIO_PinLockConfig), (18 bytes).
    Removing stm32f10x_gpio.o(i.GPIO_PinRemapConfig), (144 bytes).
    Removing stm32f10x_gpio.o(i.GPIO_ReadInputData), (8 bytes).
    Removing stm32f10x_gpio.o(i.GPIO_ReadInputDataBit), (18 bytes).
    Removing stm32f10x_gpio.o(i.GPIO_ReadOutputData), (8 bytes).
    Removing stm32f10x_gpio.o(i.GPIO_ReadOutputDataBit), (18 bytes).
    Removing stm32f10x_gpio.o(i.GPIO_ResetBits), (4 bytes).
    Removing stm32f10x_gpio.o(i.GPIO_SetBits), (4 bytes).
    Removing stm32f10x_gpio.o(i.GPIO_StructInit), (16 bytes).
    Removing stm32f10x_gpio.o(i.GPIO_Write), (4 bytes).
    Removing stm32f10x_gpio.o(i.GPIO_WriteBit), (10 bytes).
    Removing stm32f10x_rcc.o(.rev16_text), (4 bytes).
    Removing stm32f10x_rcc.o(.revsh_text), (4 bytes).
    Removing stm32f10x_rcc.o(.rrx_text), (6 bytes).
    Removing stm32f10x_rcc.o(i.RCC_ADCCLKConfig), (24 bytes).
    Removing stm32f10x_rcc.o(i.RCC_AHBPeriphClockCmd), (32 bytes).
    Removing stm32f10x_rcc.o(i.RCC_APB1PeriphClockCmd), (32 bytes).
    Removing stm32f10x_rcc.o(i.RCC_APB1PeriphResetCmd), (32 bytes).
    Removing stm32f10x_rcc.o(i.RCC_APB2PeriphClockCmd), (32 bytes).
    Removing stm32f10x_rcc.o(i.RCC_APB2PeriphResetCmd), (32 bytes).
    Removing stm32f10x_rcc.o(i.RCC_AdjustHSICalibrationValue), (24 bytes).
    Removing stm32f10x_rcc.o(i.RCC_BackupResetCmd), (12 bytes).
    Removing stm32f10x_rcc.o(i.RCC_ClearFlag), (20 bytes).
    Removing stm32f10x_rcc.o(i.RCC_ClearITPendingBit), (12 bytes).
    Removing stm32f10x_rcc.o(i.RCC_ClockSecuritySystemCmd), (12 bytes).
    Removing stm32f10x_rcc.o(i.RCC_DeInit), (76 bytes).
    Removing stm32f10x_rcc.o(i.RCC_GetClocksFreq), (212 bytes).
    Removing stm32f10x_rcc.o(i.RCC_GetFlagStatus), (60 bytes).
    Removing stm32f10x_rcc.o(i.RCC_GetITStatus), (24 bytes).
    Removing stm32f10x_rcc.o(i.RCC_GetSYSCLKSource), (16 bytes).
    Removing stm32f10x_rcc.o(i.RCC_HCLKConfig), (24 bytes).
    Removing stm32f10x_rcc.o(i.RCC_HSEConfig), (76 bytes).
    Removing stm32f10x_rcc.o(i.RCC_HSICmd), (12 bytes).
    Removing stm32f10x_rcc.o(i.RCC_ITConfig), (32 bytes).
    Removing stm32f10x_rcc.o(i.RCC_LSEConfig), (52 bytes).
    Removing stm32f10x_rcc.o(i.RCC_LSICmd), (12 bytes).
    Removing stm32f10x_rcc.o(i.RCC_MCOConfig), (12 bytes).
    Removing stm32f10x_rcc.o(i.RCC_PCLK1Config), (24 bytes).
    Removing stm32f10x_rcc.o(i.RCC_PCLK2Config), (24 bytes).
    Removing stm32f10x_rcc.o(i.RCC_PLLCmd), (12 bytes).
    Removing stm32f10x_rcc.o(i.RCC_PLLConfig), (28 bytes).
    Removing stm32f10x_rcc.o(i.RCC_RTCCLKCmd), (12 bytes).
    Removing stm32f10x_rcc.o(i.RCC_RTCCLKConfig), (16 bytes).
    Removing stm32f10x_rcc.o(i.RCC_SYSCLKConfig), (24 bytes).
    Removing stm32f10x_rcc.o(i.RCC_USBCLKConfig), (12 bytes).
    Removing stm32f10x_rcc.o(i.RCC_WaitForHSEStartUp), (56 bytes).
    Removing stm32f10x_rcc.o(.data), (20 bytes).
    Removing system_stm32f10x.o(.rev16_text), (4 bytes).
    Removing system_stm32f10x.o(.revsh_text), (4 bytes).
    Removing system_stm32f10x.o(.rrx_text), (6 bytes).
    Removing system_stm32f10x.o(i.SystemCoreClockUpdate), (164 bytes).

93 unused section(s) (total 3050 bytes) removed from the image.

==============================================================================

Image Symbol Table

    Local Symbols

    Symbol Name                              Value     Ov Type        Size  Object(Section)

    ../clib/angel/boardlib.s                 0x00000000   Number         0  boardinit1.o ABSOLUTE
    ../clib/angel/boardlib.s                 0x00000000   Number         0  boardinit2.o ABSOLUTE
    ../clib/angel/boardlib.s                 0x00000000   Number         0  boardinit3.o ABSOLUTE
    ../clib/angel/boardlib.s                 0x00000000   Number         0  boardshut.o ABSOLUTE
    ../clib/angel/handlers.s                 0x00000000   Number         0  __scatter_zi.o ABSOLUTE
    ../clib/angel/handlers.s                 0x00000000   Number         0  __scatter_copy.o ABSOLUTE
    ../clib/angel/kernel.s                   0x00000000   Number         0  __rtentry4.o ABSOLUTE
    ../clib/angel/kernel.s                   0x00000000   Number         0  rtexit.o ABSOLUTE
    ../clib/angel/kernel.s                   0x00000000   Number         0  __rtentry2.o ABSOLUTE
    ../clib/angel/kernel.s                   0x00000000   Number         0  __rtentry.o ABSOLUTE
    ../clib/angel/kernel.s                   0x00000000   Number         0  rtexit2.o ABSOLUTE
    ../clib/angel/rt.s                       0x00000000   Number         0  rt_raise.o ABSOLUTE
    ../clib/angel/scatter.s                  0x00000000   Number         0  __scatter.o ABSOLUTE
    ../clib/angel/startup.s                  0x00000000   Number         0  __main.o ABSOLUTE
    ../clib/angel/sys.s                      0x00000000   Number         0  use_no_semi.o ABSOLUTE
    ../clib/angel/sys.s                      0x00000000   Number         0  sys_stackheap_outer.o ABSOLUTE
    ../clib/angel/sys.s                      0x00000000   Number         0  libspace.o ABSOLUTE
    ../clib/angel/sys.s                      0x00000000   Number         0  indicate_semi.o ABSOLUTE
    ../clib/angel/sysapp.c                   0x00000000   Number         0  sys_command.o ABSOLUTE
    ../clib/angel/sysapp.c                   0x00000000   Number         0  sys_exit.o ABSOLUTE
    ../clib/angel/sysapp.c                   0x00000000   Number         0  sys_wrch.o ABSOLUTE
    ../clib/armsys.c                         0x00000000   Number         0  argv_veneer.o ABSOLUTE
    ../clib/armsys.c                         0x00000000   Number         0  argv_veneer.o ABSOLUTE
    ../clib/armsys.c                         0x00000000   Number         0  _get_argv_nomalloc.o ABSOLUTE
    ../clib/armsys.c                         0x00000000   Number         0  no_argv.o ABSOLUTE
    ../clib/heapalloc.c                      0x00000000   Number         0  hrguard.o ABSOLUTE
    ../clib/heapaux.c                        0x00000000   Number         0  heapauxi.o ABSOLUTE
    ../clib/libinit.s                        0x00000000   Number         0  libinit2.o ABSOLUTE
    ../clib/libinit.s                        0x00000000   Number         0  libshutdown.o ABSOLUTE
    ../clib/libinit.s                        0x00000000   Number         0  libinit.o ABSOLUTE
    ../clib/libinit.s                        0x00000000   Number         0  libshutdown2.o ABSOLUTE
    ../clib/signal.c                         0x00000000   Number         0  defsig_abrt_inner.o ABSOLUTE
    ../clib/signal.c                         0x00000000   Number         0  defsig_rtred_inner.o ABSOLUTE
    ../clib/signal.c                         0x00000000   Number         0  defsig_rtmem_inner.o ABSOLUTE
    ../clib/signal.c                         0x00000000   Number         0  defsig_stak_inner.o ABSOLUTE
    ../clib/signal.c                         0x00000000   Number         0  defsig_cppl_inner.o ABSOLUTE
    ../clib/signal.c                         0x00000000   Number         0  defsig_segv_inner.o ABSOLUTE
    ../clib/signal.c                         0x00000000   Number         0  defsig_other.o ABSOLUTE
    ../clib/signal.c                         0x00000000   Number         0  defsig_general.o ABSOLUTE
    ../clib/signal.c                         0x00000000   Number         0  defsig_fpe_inner.o ABSOLUTE
    ../clib/signal.c                         0x00000000   Number         0  defsig_rtmem_outer.o ABSOLUTE
    ../clib/signal.c                         0x00000000   Number         0  defsig_pvfn_inner.o ABSOLUTE
    ../clib/signal.c                         0x00000000   Number         0  defsig_exit.o ABSOLUTE
    ../clib/signal.c                         0x00000000   Number         0  defsig_rtmem_formal.o ABSOLUTE
    ../clib/signal.c                         0x00000000   Number         0  __raise.o ABSOLUTE
    ../clib/signal.s                         0x00000000   Number         0  defsig.o ABSOLUTE
    ../clib/stdlib.c                         0x00000000   Number         0  rand.o ABSOLUTE
    ../clib/stdlib.c                         0x00000000   Number         0  rand.o ABSOLUTE
    ../clib/stdlib.c                         0x00000000   Number         0  exit.o ABSOLUTE
    ../fplib/fpinit.s                        0x00000000   Number         0  fpinit.o ABSOLUTE
    C:\Users\jeanm\AppData\Local\Arm\Packs\Keil\STM32F1xx_DFP\2.3.0\Device\StdPeriph_Driver\src\misc.c 0x00000000   Number         0  misc.o ABSOLUTE
    C:\Users\jeanm\AppData\Local\Arm\Packs\Keil\STM32F1xx_DFP\2.3.0\Device\StdPeriph_Driver\src\stm32f10x_gpio.c 0x00000000   Number         0  stm32f10x_gpio.o ABSOLUTE
    C:\Users\jeanm\AppData\Local\Arm\Packs\Keil\STM32F1xx_DFP\2.3.0\Device\StdPeriph_Driver\src\stm32f10x_rcc.c 0x00000000   Number         0  stm32f10x_rcc.o ABSOLUTE
    C:\\Users\\jeanm\\AppData\\Local\\Arm\\Packs\\Keil\\STM32F1xx_DFP\\2.3.0\\Device\\StdPeriph_Driver\\src\\misc.c 0x00000000   Number         0  misc.o ABSOLUTE
    C:\\Users\\jeanm\\AppData\\Local\\Arm\\Packs\\Keil\\STM32F1xx_DFP\\2.3.0\\Device\\StdPeriph_Driver\\src\\stm32f10x_gpio.c 0x00000000   Number         0  stm32f10x_gpio.o ABSOLUTE
    C:\\Users\\jeanm\\AppData\\Local\\Arm\\Packs\\Keil\\STM32F1xx_DFP\\2.3.0\\Device\\StdPeriph_Driver\\src\\stm32f10x_rcc.c 0x00000000   Number         0  stm32f10x_rcc.o ABSOLUTE
    RTE\Device\STM32F103ZG\startup_stm32f10x_xl.s 0x00000000   Number         0  startup_stm32f10x_xl.o ABSOLUTE
    RTE\Device\STM32F103ZG\system_stm32f10x.c 0x00000000   Number         0  system_stm32f10x.o ABSOLUTE
    RTE\\Device\\STM32F103ZG\\system_stm32f10x.c 0x00000000   Number         0  system_stm32f10x.o ABSOLUTE
    dc.s                                     0x00000000   Number         0  dc.o ABSOLUTE
    src\GLCD_Fonts.c                         0x00000000   Number         0  glcd_fonts.o ABSOLUTE
    src\GLCD_MCBSTM32E.c                     0x00000000   Number         0  glcd_mcbstm32e.o ABSOLUTE
    src\\GLCD_MCBSTM32E.c                    0x00000000   Number         0  glcd_mcbstm32e.o ABSOLUTE
    src\\boutons.c                           0x00000000   Number         0  boutons.o ABSOLUTE
    src\\jeu.c                               0x00000000   Number         0  jeu.o ABSOLUTE
    src\\main.c                              0x00000000   Number         0  main.o ABSOLUTE
    src\\timers.c                            0x00000000   Number         0  timers.o ABSOLUTE
    src\boutons.c                            0x00000000   Number         0  boutons.o ABSOLUTE
    src\formes.c                             0x00000000   Number         0  formes.o ABSOLUTE
    src\jeu.c                                0x00000000   Number         0  jeu.o ABSOLUTE
    src\main.c                               0x00000000   Number         0  main.o ABSOLUTE
    src\timers.c                             0x00000000   Number         0  timers.o ABSOLUTE
    RESET                                    0x08000000   Section      304  startup_stm32f10x_xl.o(RESET)
    !!!main                                  0x08000130   Section        8  __main.o(!!!main)
    !!!scatter                               0x08000138   Section       52  __scatter.o(!!!scatter)
    !!handler_copy                           0x0800016c   Section       26  __scatter_copy.o(!!handler_copy)
    !!handler_zi                             0x08000188   Section       28  __scatter_zi.o(!!handler_zi)
    .ARM.Collect$$libinit$$00000000          0x080001a4   Section        2  libinit.o(.ARM.Collect$$libinit$$00000000)
    .ARM.Collect$$libinit$$00000002          0x080001a6   Section        0  libinit2.o(.ARM.Collect$$libinit$$00000002)
    .ARM.Collect$$libinit$$00000004          0x080001a6   Section        0  libinit2.o(.ARM.Collect$$libinit$$00000004)
    .ARM.Collect$$libinit$$0000000A          0x080001a6   Section        0  libinit2.o(.ARM.Collect$$libinit$$0000000A)
    .ARM.Collect$$libinit$$0000000C          0x080001a6   Section        0  libinit2.o(.ARM.Collect$$libinit$$0000000C)
    .ARM.Collect$$libinit$$0000000D          0x080001a6   Section        4  libinit2.o(.ARM.Collect$$libinit$$0000000D)
    .ARM.Collect$$libinit$$0000000E          0x080001aa   Section        0  libinit2.o(.ARM.Collect$$libinit$$0000000E)
    .ARM.Collect$$libinit$$00000011          0x080001aa   Section        0  libinit2.o(.ARM.Collect$$libinit$$00000011)
    .ARM.Collect$$libinit$$00000013          0x080001aa   Section        0  libinit2.o(.ARM.Collect$$libinit$$00000013)
    .ARM.Collect$$libinit$$00000015          0x080001aa   Section        0  libinit2.o(.ARM.Collect$$libinit$$00000015)
    .ARM.Collect$$libinit$$00000017          0x080001aa   Section        0  libinit2.o(.ARM.Collect$$libinit$$00000017)
    .ARM.Collect$$libinit$$00000019          0x080001aa   Section        0  libinit2.o(.ARM.Collect$$libinit$$00000019)
    .ARM.Collect$$libinit$$0000001B          0x080001aa   Section        0  libinit2.o(.ARM.Collect$$libinit$$0000001B)
    .ARM.Collect$$libinit$$0000001D          0x080001aa   Section        0  libinit2.o(.ARM.Collect$$libinit$$0000001D)
    .ARM.Collect$$libinit$$0000001F          0x080001aa   Section        0  libinit2.o(.ARM.Collect$$libinit$$0000001F)
    .ARM.Collect$$libinit$$00000021          0x080001aa   Section        0  libinit2.o(.ARM.Collect$$libinit$$00000021)
    .ARM.Collect$$libinit$$00000023          0x080001aa   Section        0  libinit2.o(.ARM.Collect$$libinit$$00000023)
    .ARM.Collect$$libinit$$00000025          0x080001aa   Section        0  libinit2.o(.ARM.Collect$$libinit$$00000025)
    .ARM.Collect$$libinit$$0000002C          0x080001aa   Section        0  libinit2.o(.ARM.Collect$$libinit$$0000002C)
    .ARM.Collect$$libinit$$0000002E          0x080001aa   Section        0  libinit2.o(.ARM.Collect$$libinit$$0000002E)
    .ARM.Collect$$libinit$$00000030          0x080001aa   Section        0  libinit2.o(.ARM.Collect$$libinit$$00000030)
    .ARM.Collect$$libinit$$00000032          0x080001aa   Section        0  libinit2.o(.ARM.Collect$$libinit$$00000032)
    .ARM.Collect$$libinit$$00000033          0x080001aa   Section        2  libinit2.o(.ARM.Collect$$libinit$$00000033)
    .ARM.Collect$$libshutdown$$00000000      0x080001ac   Section        2  libshutdown.o(.ARM.Collect$$libshutdown$$00000000)
    .ARM.Collect$$libshutdown$$00000002      0x080001ae   Section        0  libshutdown2.o(.ARM.Collect$$libshutdown$$00000002)
    .ARM.Collect$$libshutdown$$00000004      0x080001ae   Section        0  libshutdown2.o(.ARM.Collect$$libshutdown$$00000004)
    .ARM.Collect$$libshutdown$$00000006      0x080001ae   Section        0  libshutdown2.o(.ARM.Collect$$libshutdown$$00000006)
    .ARM.Collect$$libshutdown$$00000009      0x080001ae   Section        0  libshutdown2.o(.ARM.Collect$$libshutdown$$00000009)
    .ARM.Collect$$libshutdown$$0000000C      0x080001ae   Section        0  libshutdown2.o(.ARM.Collect$$libshutdown$$0000000C)
    .ARM.Collect$$libshutdown$$0000000E      0x080001ae   Section        0  libshutdown2.o(.ARM.Collect$$libshutdown$$0000000E)
    .ARM.Collect$$libshutdown$$00000011      0x080001ae   Section        0  libshutdown2.o(.ARM.Collect$$libshutdown$$00000011)
    .ARM.Collect$$libshutdown$$00000012      0x080001ae   Section        2  libshutdown2.o(.ARM.Collect$$libshutdown$$00000012)
    .ARM.Collect$$rtentry$$00000000          0x080001b0   Section        0  __rtentry.o(.ARM.Collect$$rtentry$$00000000)
    .ARM.Collect$$rtentry$$00000002          0x080001b0   Section        0  __rtentry2.o(.ARM.Collect$$rtentry$$00000002)
    .ARM.Collect$$rtentry$$00000004          0x080001b0   Section        6  __rtentry4.o(.ARM.Collect$$rtentry$$00000004)
    .ARM.Collect$$rtentry$$00000009          0x080001b6   Section        0  __rtentry2.o(.ARM.Collect$$rtentry$$00000009)
    .ARM.Collect$$rtentry$$0000000A          0x080001b6   Section        4  __rtentry2.o(.ARM.Collect$$rtentry$$0000000A)
    .ARM.Collect$$rtentry$$0000000C          0x080001ba   Section        0  __rtentry2.o(.ARM.Collect$$rtentry$$0000000C)
    .ARM.Collect$$rtentry$$0000000D          0x080001ba   Section        8  __rtentry2.o(.ARM.Collect$$rtentry$$0000000D)
    .ARM.Collect$$rtexit$$00000000           0x080001c2   Section        2  rtexit.o(.ARM.Collect$$rtexit$$00000000)
    .ARM.Collect$$rtexit$$00000002           0x080001c4   Section        0  rtexit2.o(.ARM.Collect$$rtexit$$00000002)
    .ARM.Collect$$rtexit$$00000003           0x080001c4   Section        4  rtexit2.o(.ARM.Collect$$rtexit$$00000003)
    .ARM.Collect$$rtexit$$00000004           0x080001c8   Section        6  rtexit2.o(.ARM.Collect$$rtexit$$00000004)
    .emb_text                                0x080001d0   Section       52  rand.o(.emb_text)
    .text                                    0x08000204   Section       64  startup_stm32f10x_xl.o(.text)
    .text                                    0x08000244   Section        0  rand.o(.text)
    .text                                    0x08000280   Section        0  heapauxi.o(.text)
    .text                                    0x08000286   Section       74  sys_stackheap_outer.o(.text)
    .text                                    0x080002d0   Section        0  exit.o(.text)
    .text                                    0x080002e4   Section        8  libspace.o(.text)
    .text                                    0x080002ec   Section        2  use_no_semi.o(.text)
    .text                                    0x080002ee   Section        0  indicate_semi.o(.text)
    .text                                    0x080002f0   Section        0  sys_exit.o(.text)
    i.EXTI15_10_IRQHandler                   0x080002fc   Section        0  boutons.o(i.EXTI15_10_IRQHandler)
    i.EXTI3_IRQHandler                       0x08000434   Section        0  boutons.o(i.EXTI3_IRQHandler)
    i.GLCD_ClearScreen                       0x080004a4   Section        0  glcd_mcbstm32e.o(i.GLCD_ClearScreen)
    i.GLCD_DrawBargraph                      0x080004e0   Section        0  glcd_mcbstm32e.o(i.GLCD_DrawBargraph)
    i.GLCD_DrawBitmap                        0x08000550   Section        0  glcd_mcbstm32e.o(i.GLCD_DrawBitmap)
    i.GLCD_DrawChar                          0x080005a4   Section        0  glcd_mcbstm32e.o(i.GLCD_DrawChar)
    i.GLCD_DrawString                        0x08000674   Section        0  glcd_mcbstm32e.o(i.GLCD_DrawString)
    i.GLCD_Initialize                        0x080006a0   Section        0  glcd_mcbstm32e.o(i.GLCD_Initialize)
    i.GLCD_SetBackgroundColor                0x08000cd4   Section        0  glcd_mcbstm32e.o(i.GLCD_SetBackgroundColor)
    i.GLCD_SetFont                           0x08000ce4   Section        0  glcd_mcbstm32e.o(i.GLCD_SetFont)
    i.GLCD_SetForegroundColor                0x08000cf4   Section        0  glcd_mcbstm32e.o(i.GLCD_SetForegroundColor)
    i.GLCD_SetWindow                         0x08000d04   Section        0  glcd_mcbstm32e.o(i.GLCD_SetWindow)
    GLCD_SetWindow                           0x08000d05   Thumb Code   168  glcd_mcbstm32e.o(i.GLCD_SetWindow)
    i.SetSysClock                            0x08000db0   Section        0  system_stm32f10x.o(i.SetSysClock)
    SetSysClock                              0x08000db1   Thumb Code     8  system_stm32f10x.o(i.SetSysClock)
    i.SetSysClockTo72                        0x08000db8   Section        0  system_stm32f10x.o(i.SetSysClockTo72)
    SetSysClockTo72                          0x08000db9   Thumb Code   214  system_stm32f10x.o(i.SetSysClockTo72)
    i.SystemInit                             0x08000e98   Section        0  system_stm32f10x.o(i.SystemInit)
    i.TIM1_UP_TIM10_IRQHandler               0x08000ef8   Section        0  timers.o(i.TIM1_UP_TIM10_IRQHandler)
    i.TIM2_IRQHandler                        0x08001074   Section        0  timers.o(i.TIM2_IRQHandler)
    i.afficheBouleScore                      0x080010c0   Section        0  jeu.o(i.afficheBouleScore)
    i.avance                                 0x080010ec   Section        0  jeu.o(i.avance)
    i.cfgIO                                  0x0800120c   Section        0  boutons.o(i.cfgIO)
    i.cfgTimer1                              0x080012e8   Section        0  timers.o(i.cfgTimer1)
    i.cfgTimer2                              0x08001338   Section        0  timers.o(i.cfgTimer2)
    i.collision                              0x0800136c   Section        0  jeu.o(i.collision)
    i.collisionAvecEnnemis                   0x080013b4   Section        0  jeu.o(i.collisionAvecEnnemis)
    i.creerEnnemi                            0x080013e4   Section        0  jeu.o(i.creerEnnemi)
    i.creerNourriture                        0x08001500   Section        0  jeu.o(i.creerNourriture)
    i.delay_ms                               0x08001558   Section        0  glcd_mcbstm32e.o(i.delay_ms)
    delay_ms                                 0x08001559   Thumb Code    38  glcd_mcbstm32e.o(i.delay_ms)
    i.dessinePlateau                         0x08001584   Section        0  jeu.o(i.dessinePlateau)
    i.main                                   0x080015d8   Section        0  main.o(i.main)
    i.orienteEnnemi                          0x08001840   Section        0  jeu.o(i.orienteEnnemi)
    i.orienteTousLesEnnemis                  0x080018b8   Section        0  jeu.o(i.orienteTousLesEnnemis)
    i.rd_dat                                 0x080018dc   Section        0  glcd_mcbstm32e.o(i.rd_dat)
    rd_dat                                   0x080018dd   Thumb Code     8  glcd_mcbstm32e.o(i.rd_dat)
    i.update                                 0x080018e4   Section        0  jeu.o(i.update)
    i.wr_cmd                                 0x080019ae   Section        0  glcd_mcbstm32e.o(i.wr_cmd)
    wr_cmd                                   0x080019af   Thumb Code     8  glcd_mcbstm32e.o(i.wr_cmd)
    i.wr_dat                                 0x080019b6   Section        0  glcd_mcbstm32e.o(i.wr_dat)
    wr_dat                                   0x080019b7   Thumb Code     8  glcd_mcbstm32e.o(i.wr_dat)
    i.wr_dat_only                            0x080019be   Section        0  glcd_mcbstm32e.o(i.wr_dat_only)
    wr_dat_only                              0x080019bf   Thumb Code     8  glcd_mcbstm32e.o(i.wr_dat_only)
    i.wr_reg                                 0x080019c6   Section        0  glcd_mcbstm32e.o(i.wr_reg)
    wr_reg                                   0x080019c7   Thumb Code    20  glcd_mcbstm32e.o(i.wr_reg)
    .constdata                               0x080019da   Section     1312  formes.o(.constdata)
    .constdata                               0x08001efc   Section     6304  glcd_fonts.o(.constdata)
    Font_6x8_h                               0x08001efc   Data         896  glcd_fonts.o(.constdata)
    Font_16x24_h                             0x0800227c   Data        5376  glcd_fonts.o(.constdata)
    .data                                    0x20000000   Section        4  main.o(.data)
    .data                                    0x20000004   Section        9  glcd_mcbstm32e.o(.data)
    foreground_color                         0x20000004   Data           2  glcd_mcbstm32e.o(.data)
    background_color                         0x20000006   Data           2  glcd_mcbstm32e.o(.data)
    active_font                              0x20000008   Data           4  glcd_mcbstm32e.o(.data)
    Himax                                    0x2000000c   Data           1  glcd_mcbstm32e.o(.data)
    .data                                    0x20000010   Section       20  system_stm32f10x.o(.data)
    .bss                                     0x20000024   Section      320  main.o(.bss)
    .bss                                     0x20000164   Section      228  rand.o(.bss)
    .bss                                     0x20000248   Section       96  libspace.o(.bss)
    HEAP                                     0x200002a8   Section      512  startup_stm32f10x_xl.o(HEAP)
    Heap_Mem                                 0x200002a8   Data         512  startup_stm32f10x_xl.o(HEAP)
    STACK                                    0x200004a8   Section     1024  startup_stm32f10x_xl.o(STACK)
    Stack_Mem                                0x200004a8   Data        1024  startup_stm32f10x_xl.o(STACK)
    __initial_sp                             0x200008a8   Data           0  startup_stm32f10x_xl.o(STACK)

    Global Symbols

    Symbol Name                              Value     Ov Type        Size  Object(Section)

    BuildAttributes$$THM_ISAv4$P$D$K$B$S$PE$A:L22UL41UL21$X:L11$S22US41US21$IEEE1$IW$USESV6$~STKCKD$USESV7$~SHL$OSPACE$ROPI$EBA8$UX$STANDARDLIB$REQ8$PRES8$EABIv2 0x00000000   Number         0  anon$$obj.o ABSOLUTE
    __ARM_use_no_argv                        0x00000000   Number         0  main.o ABSOLUTE
    __ARM_exceptions_init                     - Undefined Weak Reference
    __alloca_initialize                       - Undefined Weak Reference
    __arm_fini_                               - Undefined Weak Reference
    __arm_preinit_                            - Undefined Weak Reference
    __cpp_initialize__aeabi_                  - Undefined Weak Reference
    __cxa_finalize                            - Undefined Weak Reference
    __rt_locale                               - Undefined Weak Reference
    __sigvec_lookup                           - Undefined Weak Reference
    _atexit_init                              - Undefined Weak Reference
    _call_atexit_fns                          - Undefined Weak Reference
    _clock_init                               - Undefined Weak Reference
    _fp_trap_init                             - Undefined Weak Reference
    _fp_trap_shutdown                         - Undefined Weak Reference
    _get_lc_collate                           - Undefined Weak Reference
    _get_lc_ctype                             - Undefined Weak Reference
    _get_lc_monetary                          - Undefined Weak Reference
    _get_lc_numeric                           - Undefined Weak Reference
    _get_lc_time                              - Undefined Weak Reference
    _getenv_init                              - Undefined Weak Reference
    _handle_redirection                       - Undefined Weak Reference
    _init_alloc                               - Undefined Weak Reference
    _init_user_alloc                          - Undefined Weak Reference
    _initio                                   - Undefined Weak Reference
    _signal_finish                            - Undefined Weak Reference
    _signal_init                              - Undefined Weak Reference
    _terminate_alloc                          - Undefined Weak Reference
    _terminate_user_alloc                     - Undefined Weak Reference
    _terminateio                              - Undefined Weak Reference
    __Vectors_Size                           0x00000130   Number         0  startup_stm32f10x_xl.o ABSOLUTE
    __Vectors                                0x08000000   Data           4  startup_stm32f10x_xl.o(RESET)
    __Vectors_End                            0x08000130   Data           0  startup_stm32f10x_xl.o(RESET)
    __main                                   0x08000131   Thumb Code     8  __main.o(!!!main)
    __scatterload                            0x08000139   Thumb Code     0  __scatter.o(!!!scatter)
    __scatterload_rt2                        0x08000139   Thumb Code    44  __scatter.o(!!!scatter)
    __scatterload_rt2_thumb_only             0x08000139   Thumb Code     0  __scatter.o(!!!scatter)
    __scatterload_null                       0x08000147   Thumb Code     0  __scatter.o(!!!scatter)
    __scatterload_copy                       0x0800016d   Thumb Code    26  __scatter_copy.o(!!handler_copy)
    __scatterload_zeroinit                   0x08000189   Thumb Code    28  __scatter_zi.o(!!handler_zi)
    __rt_lib_init                            0x080001a5   Thumb Code     0  libinit.o(.ARM.Collect$$libinit$$00000000)
    __rt_lib_init_fp_1                       0x080001a7   Thumb Code     0  libinit2.o(.ARM.Collect$$libinit$$00000002)
    __rt_lib_init_heap_1                     0x080001a7   Thumb Code     0  libinit2.o(.ARM.Collect$$libinit$$0000000A)
    __rt_lib_init_preinit_1                  0x080001a7   Thumb Code     0  libinit2.o(.ARM.Collect$$libinit$$00000004)
    __rt_lib_init_rand_2                     0x080001a7   Thumb Code     0  libinit2.o(.ARM.Collect$$libinit$$0000000D)
    __rt_lib_init_user_alloc_1               0x080001a7   Thumb Code     0  libinit2.o(.ARM.Collect$$libinit$$0000000C)
    __rt_lib_init_alloca_1                   0x080001ab   Thumb Code     0  libinit2.o(.ARM.Collect$$libinit$$0000002E)
    __rt_lib_init_argv_1                     0x080001ab   Thumb Code     0  libinit2.o(.ARM.Collect$$libinit$$0000002C)
    __rt_lib_init_atexit_1                   0x080001ab   Thumb Code     0  libinit2.o(.ARM.Collect$$libinit$$0000001B)
    __rt_lib_init_clock_1                    0x080001ab   Thumb Code     0  libinit2.o(.ARM.Collect$$libinit$$00000021)
    __rt_lib_init_cpp_1                      0x080001ab   Thumb Code     0  libinit2.o(.ARM.Collect$$libinit$$00000032)
    __rt_lib_init_exceptions_1               0x080001ab   Thumb Code     0  libinit2.o(.ARM.Collect$$libinit$$00000030)
    __rt_lib_init_fp_trap_1                  0x080001ab   Thumb Code     0  libinit2.o(.ARM.Collect$$libinit$$0000001F)
    __rt_lib_init_getenv_1                   0x080001ab   Thumb Code     0  libinit2.o(.ARM.Collect$$libinit$$00000023)
    __rt_lib_init_lc_collate_1               0x080001ab   Thumb Code     0  libinit2.o(.ARM.Collect$$libinit$$00000011)
    __rt_lib_init_lc_ctype_1                 0x080001ab   Thumb Code     0  libinit2.o(.ARM.Collect$$libinit$$00000013)
    __rt_lib_init_lc_monetary_1              0x080001ab   Thumb Code     0  libinit2.o(.ARM.Collect$$libinit$$00000015)
    __rt_lib_init_lc_numeric_1               0x080001ab   Thumb Code     0  libinit2.o(.ARM.Collect$$libinit$$00000017)
    __rt_lib_init_lc_time_1                  0x080001ab   Thumb Code     0  libinit2.o(.ARM.Collect$$libinit$$00000019)
    __rt_lib_init_rand_1                     0x080001ab   Thumb Code     0  libinit2.o(.ARM.Collect$$libinit$$0000000E)
    __rt_lib_init_return                     0x080001ab   Thumb Code     0  libinit2.o(.ARM.Collect$$libinit$$00000033)
    __rt_lib_init_signal_1                   0x080001ab   Thumb Code     0  libinit2.o(.ARM.Collect$$libinit$$0000001D)
    __rt_lib_init_stdio_1                    0x080001ab   Thumb Code     0  libinit2.o(.ARM.Collect$$libinit$$00000025)
    __rt_lib_shutdown                        0x080001ad   Thumb Code     0  libshutdown.o(.ARM.Collect$$libshutdown$$00000000)
    __rt_lib_shutdown_cpp_1                  0x080001af   Thumb Code     0  libshutdown2.o(.ARM.Collect$$libshutdown$$00000004)
    __rt_lib_shutdown_fini_1                 0x080001af   Thumb Code     0  libshutdown2.o(.ARM.Collect$$libshutdown$$00000002)
    __rt_lib_shutdown_fp_trap_1              0x080001af   Thumb Code     0  libshutdown2.o(.ARM.Collect$$libshutdown$$00000009)
    __rt_lib_shutdown_heap_1                 0x080001af   Thumb Code     0  libshutdown2.o(.ARM.Collect$$libshutdown$$00000011)
    __rt_lib_shutdown_return                 0x080001af   Thumb Code     0  libshutdown2.o(.ARM.Collect$$libshutdown$$00000012)
    __rt_lib_shutdown_signal_1               0x080001af   Thumb Code     0  libshutdown2.o(.ARM.Collect$$libshutdown$$0000000C)
    __rt_lib_shutdown_stdio_1                0x080001af   Thumb Code     0  libshutdown2.o(.ARM.Collect$$libshutdown$$00000006)
    __rt_lib_shutdown_user_alloc_1           0x080001af   Thumb Code     0  libshutdown2.o(.ARM.Collect$$libshutdown$$0000000E)
    __rt_entry                               0x080001b1   Thumb Code     0  __rtentry.o(.ARM.Collect$$rtentry$$00000000)
    __rt_entry_presh_1                       0x080001b1   Thumb Code     0  __rtentry2.o(.ARM.Collect$$rtentry$$00000002)
    __rt_entry_sh                            0x080001b1   Thumb Code     0  __rtentry4.o(.ARM.Collect$$rtentry$$00000004)
    __rt_entry_li                            0x080001b7   Thumb Code     0  __rtentry2.o(.ARM.Collect$$rtentry$$0000000A)
    __rt_entry_postsh_1                      0x080001b7   Thumb Code     0  __rtentry2.o(.ARM.Collect$$rtentry$$00000009)
    __rt_entry_main                          0x080001bb   Thumb Code     0  __rtentry2.o(.ARM.Collect$$rtentry$$0000000D)
    __rt_entry_postli_1                      0x080001bb   Thumb Code     0  __rtentry2.o(.ARM.Collect$$rtentry$$0000000C)
    __rt_exit                                0x080001c3   Thumb Code     0  rtexit.o(.ARM.Collect$$rtexit$$00000000)
    __rt_exit_ls                             0x080001c5   Thumb Code     0  rtexit2.o(.ARM.Collect$$rtexit$$00000003)
    __rt_exit_prels_1                        0x080001c5   Thumb Code     0  rtexit2.o(.ARM.Collect$$rtexit$$00000002)
    __rt_exit_exit                           0x080001c9   Thumb Code     0  rtexit2.o(.ARM.Collect$$rtexit$$00000004)
    rand                                     0x080001d1   Thumb Code    48  rand.o(.emb_text)
    Reset_Handler                            0x08000205   Thumb Code     8  startup_stm32f10x_xl.o(.text)
    NMI_Handler                              0x0800020d   Thumb Code     2  startup_stm32f10x_xl.o(.text)
    HardFault_Handler                        0x0800020f   Thumb Code     2  startup_stm32f10x_xl.o(.text)
    MemManage_Handler                        0x08000211   Thumb Code     2  startup_stm32f10x_xl.o(.text)
    BusFault_Handler                         0x08000213   Thumb Code     2  startup_stm32f10x_xl.o(.text)
    UsageFault_Handler                       0x08000215   Thumb Code     2  startup_stm32f10x_xl.o(.text)
    SVC_Handler                              0x08000217   Thumb Code     2  startup_stm32f10x_xl.o(.text)
    DebugMon_Handler                         0x08000219   Thumb Code     2  startup_stm32f10x_xl.o(.text)
    PendSV_Handler                           0x0800021b   Thumb Code     2  startup_stm32f10x_xl.o(.text)
    SysTick_Handler                          0x0800021d   Thumb Code     2  startup_stm32f10x_xl.o(.text)
    ADC1_2_IRQHandler                        0x0800021f   Thumb Code     0  startup_stm32f10x_xl.o(.text)
    ADC3_IRQHandler                          0x0800021f   Thumb Code     0  startup_stm32f10x_xl.o(.text)
    CAN1_RX1_IRQHandler                      0x0800021f   Thumb Code     0  startup_stm32f10x_xl.o(.text)
    CAN1_SCE_IRQHandler                      0x0800021f   Thumb Code     0  startup_stm32f10x_xl.o(.text)
    DMA1_Channel1_IRQHandler                 0x0800021f   Thumb Code     0  startup_stm32f10x_xl.o(.text)
    DMA1_Channel2_IRQHandler                 0x0800021f   Thumb Code     0  startup_stm32f10x_xl.o(.text)
    DMA1_Channel3_IRQHandler                 0x0800021f   Thumb Code     0  startup_stm32f10x_xl.o(.text)
    DMA1_Channel4_IRQHandler                 0x0800021f   Thumb Code     0  startup_stm32f10x_xl.o(.text)
    DMA1_Channel5_IRQHandler                 0x0800021f   Thumb Code     0  startup_stm32f10x_xl.o(.text)
    DMA1_Channel6_IRQHandler                 0x0800021f   Thumb Code     0  startup_stm32f10x_xl.o(.text)
    DMA1_Channel7_IRQHandler                 0x0800021f   Thumb Code     0  startup_stm32f10x_xl.o(.text)
    DMA2_Channel1_IRQHandler                 0x0800021f   Thumb Code     0  startup_stm32f10x_xl.o(.text)
    DMA2_Channel2_IRQHandler                 0x0800021f   Thumb Code     0  startup_stm32f10x_xl.o(.text)
    DMA2_Channel3_IRQHandler                 0x0800021f   Thumb Code     0  startup_stm32f10x_xl.o(.text)
    DMA2_Channel4_5_IRQHandler               0x0800021f   Thumb Code     0  startup_stm32f10x_xl.o(.text)
    EXTI0_IRQHandler                         0x0800021f   Thumb Code     0  startup_stm32f10x_xl.o(.text)
    EXTI1_IRQHandler                         0x0800021f   Thumb Code     0  startup_stm32f10x_xl.o(.text)
    EXTI2_IRQHandler                         0x0800021f   Thumb Code     0  startup_stm32f10x_xl.o(.text)
    EXTI4_IRQHandler                         0x0800021f   Thumb Code     0  startup_stm32f10x_xl.o(.text)
    EXTI9_5_IRQHandler                       0x0800021f   Thumb Code     0  startup_stm32f10x_xl.o(.text)
    FLASH_IRQHandler                         0x0800021f   Thumb Code     0  startup_stm32f10x_xl.o(.text)
    FSMC_IRQHandler                          0x0800021f   Thumb Code     0  startup_stm32f10x_xl.o(.text)
    I2C1_ER_IRQHandler                       0x0800021f   Thumb Code     0  startup_stm32f10x_xl.o(.text)
    I2C1_EV_IRQHandler                       0x0800021f   Thumb Code     0  startup_stm32f10x_xl.o(.text)
    I2C2_ER_IRQHandler                       0x0800021f   Thumb Code     0  startup_stm32f10x_xl.o(.text)
    I2C2_EV_IRQHandler                       0x0800021f   Thumb Code     0  startup_stm32f10x_xl.o(.text)
    PVD_IRQHandler                           0x0800021f   Thumb Code     0  startup_stm32f10x_xl.o(.text)
    RCC_IRQHandler                           0x0800021f   Thumb Code     0  startup_stm32f10x_xl.o(.text)
    RTCAlarm_IRQHandler                      0x0800021f   Thumb Code     0  startup_stm32f10x_xl.o(.text)
    RTC_IRQHandler                           0x0800021f   Thumb Code     0  startup_stm32f10x_xl.o(.text)
    SDIO_IRQHandler                          0x0800021f   Thumb Code     0  startup_stm32f10x_xl.o(.text)
    SPI1_IRQHandler                          0x0800021f   Thumb Code     0  startup_stm32f10x_xl.o(.text)
    SPI2_IRQHandler                          0x0800021f   Thumb Code     0  startup_stm32f10x_xl.o(.text)
    SPI3_IRQHandler                          0x0800021f   Thumb Code     0  startup_stm32f10x_xl.o(.text)
    TAMPER_IRQHandler                        0x0800021f   Thumb Code     0  startup_stm32f10x_xl.o(.text)
    TIM1_BRK_TIM9_IRQHandler                 0x0800021f   Thumb Code     0  startup_stm32f10x_xl.o(.text)
    TIM1_CC_IRQHandler                       0x0800021f   Thumb Code     0  startup_stm32f10x_xl.o(.text)
    TIM1_TRG_COM_TIM11_IRQHandler            0x0800021f   Thumb Code     0  startup_stm32f10x_xl.o(.text)
    TIM3_IRQHandler                          0x0800021f   Thumb Code     0  startup_stm32f10x_xl.o(.text)
    TIM4_IRQHandler                          0x0800021f   Thumb Code     0  startup_stm32f10x_xl.o(.text)
    TIM5_IRQHandler                          0x0800021f   Thumb Code     0  startup_stm32f10x_xl.o(.text)
    TIM6_IRQHandler                          0x0800021f   Thumb Code     0  startup_stm32f10x_xl.o(.text)
    TIM7_IRQHandler                          0x0800021f   Thumb Code     0  startup_stm32f10x_xl.o(.text)
    TIM8_BRK_TIM12_IRQHandler                0x0800021f   Thumb Code     0  startup_stm32f10x_xl.o(.text)
    TIM8_CC_IRQHandler                       0x0800021f   Thumb Code     0  startup_stm32f10x_xl.o(.text)
    TIM8_TRG_COM_TIM14_IRQHandler            0x0800021f   Thumb Code     0  startup_stm32f10x_xl.o(.text)
    TIM8_UP_TIM13_IRQHandler                 0x0800021f   Thumb Code     0  startup_stm32f10x_xl.o(.text)
    UART4_IRQHandler                         0x0800021f   Thumb Code     0  startup_stm32f10x_xl.o(.text)
    UART5_IRQHandler                         0x0800021f   Thumb Code     0  startup_stm32f10x_xl.o(.text)
    USART1_IRQHandler                        0x0800021f   Thumb Code     0  startup_stm32f10x_xl.o(.text)
    USART2_IRQHandler                        0x0800021f   Thumb Code     0  startup_stm32f10x_xl.o(.text)
    USART3_IRQHandler                        0x0800021f   Thumb Code     0  startup_stm32f10x_xl.o(.text)
    USBWakeUp_IRQHandler                     0x0800021f   Thumb Code     0  startup_stm32f10x_xl.o(.text)
    USB_HP_CAN1_TX_IRQHandler                0x0800021f   Thumb Code     0  startup_stm32f10x_xl.o(.text)
    USB_LP_CAN1_RX0_IRQHandler               0x0800021f   Thumb Code     0  startup_stm32f10x_xl.o(.text)
    WWDG_IRQHandler                          0x0800021f   Thumb Code     0  startup_stm32f10x_xl.o(.text)
    __user_initial_stackheap                 0x08000221   Thumb Code     0  startup_stm32f10x_xl.o(.text)
    srand                                    0x08000245   Thumb Code    42  rand.o(.text)
    _rand_init                               0x0800026f   Thumb Code     4  rand.o(.text)
    __use_two_region_memory                  0x08000281   Thumb Code     2  heapauxi.o(.text)
    __rt_heap_escrow$2region                 0x08000283   Thumb Code     2  heapauxi.o(.text)
    __rt_heap_expand$2region                 0x08000285   Thumb Code     2  heapauxi.o(.text)
    __user_setup_stackheap                   0x08000287   Thumb Code    74  sys_stackheap_outer.o(.text)
    exit                                     0x080002d1   Thumb Code    18  exit.o(.text)
    __user_libspace                          0x080002e5   Thumb Code     8  libspace.o(.text)
    __user_perproc_libspace                  0x080002e5   Thumb Code     0  libspace.o(.text)
    __user_perthread_libspace                0x080002e5   Thumb Code     0  libspace.o(.text)
    __I$use$semihosting                      0x080002ed   Thumb Code     0  use_no_semi.o(.text)
    __use_no_semihosting_swi                 0x080002ed   Thumb Code     2  use_no_semi.o(.text)
    __semihosting_library_function           0x080002ef   Thumb Code     0  indicate_semi.o(.text)
    _sys_exit                                0x080002f1   Thumb Code     8  sys_exit.o(.text)
    EXTI15_10_IRQHandler                     0x080002fd   Thumb Code   290  boutons.o(i.EXTI15_10_IRQHandler)
    EXTI3_IRQHandler                         0x08000435   Thumb Code    98  boutons.o(i.EXTI3_IRQHandler)
    GLCD_ClearScreen                         0x080004a5   Thumb Code    54  glcd_mcbstm32e.o(i.GLCD_ClearScreen)
    GLCD_DrawBargraph                        0x080004e1   Thumb Code   102  glcd_mcbstm32e.o(i.GLCD_DrawBargraph)
    GLCD_DrawBitmap                          0x08000551   Thumb Code    84  glcd_mcbstm32e.o(i.GLCD_DrawBitmap)
    GLCD_DrawChar                            0x080005a5   Thumb Code   194  glcd_mcbstm32e.o(i.GLCD_DrawChar)
    GLCD_DrawString                          0x08000675   Thumb Code    38  glcd_mcbstm32e.o(i.GLCD_DrawString)
    GLCD_Initialize                          0x080006a1   Thumb Code  1582  glcd_mcbstm32e.o(i.GLCD_Initialize)
    GLCD_SetBackgroundColor                  0x08000cd5   Thumb Code    10  glcd_mcbstm32e.o(i.GLCD_SetBackgroundColor)
    GLCD_SetFont                             0x08000ce5   Thumb Code    10  glcd_mcbstm32e.o(i.GLCD_SetFont)
    GLCD_SetForegroundColor                  0x08000cf5   Thumb Code    10  glcd_mcbstm32e.o(i.GLCD_SetForegroundColor)
    SystemInit                               0x08000e99   Thumb Code    78  system_stm32f10x.o(i.SystemInit)
    TIM1_UP_TIM10_IRQHandler                 0x08000ef9   Thumb Code   360  timers.o(i.TIM1_UP_TIM10_IRQHandler)
    TIM2_IRQHandler                          0x08001075   Thumb Code    72  timers.o(i.TIM2_IRQHandler)
    afficheBouleScore                        0x080010c1   Thumb Code    40  jeu.o(i.afficheBouleScore)
    avance                                   0x080010ed   Thumb Code   278  jeu.o(i.avance)
    cfgIO                                    0x0800120d   Thumb Code   190  boutons.o(i.cfgIO)
    cfgTimer1                                0x080012e9   Thumb Code    68  timers.o(i.cfgTimer1)
    cfgTimer2                                0x08001339   Thumb Code    42  timers.o(i.cfgTimer2)
    collision                                0x0800136d   Thumb Code    70  jeu.o(i.collision)
    collisionAvecEnnemis                     0x080013b5   Thumb Code    40  jeu.o(i.collisionAvecEnnemis)
    creerEnnemi                              0x080013e5   Thumb Code   270  jeu.o(i.creerEnnemi)
    creerNourriture                          0x08001501   Thumb Code    80  jeu.o(i.creerNourriture)
    dessinePlateau                           0x08001585   Thumb Code    66  jeu.o(i.dessinePlateau)
    main                                     0x080015d9   Thumb Code   532  main.o(i.main)
    orienteEnnemi                            0x08001841   Thumb Code   100  jeu.o(i.orienteEnnemi)
    orienteTousLesEnnemis                    0x080018b9   Thumb Code    28  jeu.o(i.orienteTousLesEnnemis)
    update                                   0x080018e5   Thumb Code   202  jeu.o(i.update)
    bmpBoucheEnnemieFermee                   0x080019da   Data         128  formes.o(.constdata)
    bmpBoucheEnnemieOuverteEst               0x08001a5a   Data         128  formes.o(.constdata)
    bmpBoucheEnnemieOuverteOuest             0x08001ada   Data         128  formes.o(.constdata)
    bmpBoucheEnnemieOuverteSud               0x08001b5a   Data         128  formes.o(.constdata)
    bmpBoucheEnnemieOuverteNord              0x08001bda   Data         128  formes.o(.constdata)
    bmpBoucheFermee                          0x08001c5a   Data         128  formes.o(.constdata)
    bmpBoucheOuverteEst                      0x08001cda   Data         128  formes.o(.constdata)
    bmpBoucheOuverteOuest                    0x08001d5a   Data         128  formes.o(.constdata)
    bmpBoucheOuverteSud                      0x08001dda   Data         128  formes.o(.constdata)
    bmpBoucheOuverteNord                     0x08001e5a   Data         128  formes.o(.constdata)
    bmpNourriture                            0x08001eda   Data          32  formes.o(.constdata)
    GLCD_Font_6x8                            0x0800377c   Data          16  glcd_fonts.o(.constdata)
    GLCD_Font_16x24                          0x0800378c   Data          16  glcd_fonts.o(.constdata)
    Region$$Table$$Base                      0x0800379c   Number         0  anon$$obj.o(Region$$Table)
    Region$$Table$$Limit                     0x080037bc   Number         0  anon$$obj.o(Region$$Table)
    nbEnnemis                                0x20000000   Data           4  main.o(.data)
    SystemCoreClock                          0x20000010   Data           4  system_stm32f10x.o(.data)
    AHBPrescTable                            0x20000014   Data          16  system_stm32f10x.o(.data)
    mangeur                                  0x20000024   Data          64  main.o(.bss)
    nourriture                               0x20000064   Data          64  main.o(.bss)
    ennemis                                  0x200000a4   Data         192  main.o(.bss)
    _random_number_data                      0x20000164   Data         228  rand.o(.bss)
    __libspace_start                         0x20000248   Data          96  libspace.o(.bss)
    __temporary_stack_top$libspace           0x200002a8   Data           0  libspace.o(.bss)



==============================================================================

Memory Map of the image

  Image Entry point : 0x08000205

  Load Region LR_1 (Base: 0x08000000, Size: 0x000037e0, Max: 0xffffffff, ABSOLUTE)

    Execution Region ER_RO (Exec base: 0x08000000, Load base: 0x08000000, Size: 0x000037bc, Max: 0xffffffff, ABSOLUTE)

    Exec Addr    Load Addr    Size         Type   Attr      Idx    E Section Name        Object

    0x08000000   0x08000000   0x00000130   Data   RO          857    RESET               startup_stm32f10x_xl.o
    0x08000130   0x08000130   0x00000008   Code   RO          917  * !!!main             c_w.l(__main.o)
    0x08000138   0x08000138   0x00000034   Code   RO         1076    !!!scatter          c_w.l(__scatter.o)
    0x0800016c   0x0800016c   0x0000001a   Code   RO         1078    !!handler_copy      c_w.l(__scatter_copy.o)
    0x08000186   0x08000186   0x00000002   PAD
    0x08000188   0x08000188   0x0000001c   Code   RO         1080    !!handler_zi        c_w.l(__scatter_zi.o)
    0x080001a4   0x080001a4   0x00000002   Code   RO          997    .ARM.Collect$$libinit$$00000000  c_w.l(libinit.o)
    0x080001a6   0x080001a6   0x00000000   Code   RO          921    .ARM.Collect$$libinit$$00000002  c_w.l(libinit2.o)
    0x080001a6   0x080001a6   0x00000000   Code   RO          923    .ARM.Collect$$libinit$$00000004  c_w.l(libinit2.o)
    0x080001a6   0x080001a6   0x00000000   Code   RO          926    .ARM.Collect$$libinit$$0000000A  c_w.l(libinit2.o)
    0x080001a6   0x080001a6   0x00000000   Code   RO          928    .ARM.Collect$$libinit$$0000000C  c_w.l(libinit2.o)
    0x080001a6   0x080001a6   0x00000004   Code   RO          929    .ARM.Collect$$libinit$$0000000D  c_w.l(libinit2.o)
    0x080001aa   0x080001aa   0x00000000   Code   RO          930    .ARM.Collect$$libinit$$0000000E  c_w.l(libinit2.o)
    0x080001aa   0x080001aa   0x00000000   Code   RO          933    .ARM.Collect$$libinit$$00000011  c_w.l(libinit2.o)
    0x080001aa   0x080001aa   0x00000000   Code   RO          935    .ARM.Collect$$libinit$$00000013  c_w.l(libinit2.o)
    0x080001aa   0x080001aa   0x00000000   Code   RO          937    .ARM.Collect$$libinit$$00000015  c_w.l(libinit2.o)
    0x080001aa   0x080001aa   0x00000000   Code   RO          939    .ARM.Collect$$libinit$$00000017  c_w.l(libinit2.o)
    0x080001aa   0x080001aa   0x00000000   Code   RO          941    .ARM.Collect$$libinit$$00000019  c_w.l(libinit2.o)
    0x080001aa   0x080001aa   0x00000000   Code   RO          943    .ARM.Collect$$libinit$$0000001B  c_w.l(libinit2.o)
    0x080001aa   0x080001aa   0x00000000   Code   RO          945    .ARM.Collect$$libinit$$0000001D  c_w.l(libinit2.o)
    0x080001aa   0x080001aa   0x00000000   Code   RO          947    .ARM.Collect$$libinit$$0000001F  c_w.l(libinit2.o)
    0x080001aa   0x080001aa   0x00000000   Code   RO          949    .ARM.Collect$$libinit$$00000021  c_w.l(libinit2.o)
    0x080001aa   0x080001aa   0x00000000   Code   RO          951    .ARM.Collect$$libinit$$00000023  c_w.l(libinit2.o)
    0x080001aa   0x080001aa   0x00000000   Code   RO          953    .ARM.Collect$$libinit$$00000025  c_w.l(libinit2.o)
    0x080001aa   0x080001aa   0x00000000   Code   RO          957    .ARM.Collect$$libinit$$0000002C  c_w.l(libinit2.o)
    0x080001aa   0x080001aa   0x00000000   Code   RO          959    .ARM.Collect$$libinit$$0000002E  c_w.l(libinit2.o)
    0x080001aa   0x080001aa   0x00000000   Code   RO          961    .ARM.Collect$$libinit$$00000030  c_w.l(libinit2.o)
    0x080001aa   0x080001aa   0x00000000   Code   RO          963    .ARM.Collect$$libinit$$00000032  c_w.l(libinit2.o)
    0x080001aa   0x080001aa   0x00000002   Code   RO          964    .ARM.Collect$$libinit$$00000033  c_w.l(libinit2.o)
    0x080001ac   0x080001ac   0x00000002   Code   RO         1035    .ARM.Collect$$libshutdown$$00000000  c_w.l(libshutdown.o)
    0x080001ae   0x080001ae   0x00000000   Code   RO         1041    .ARM.Collect$$libshutdown$$00000002  c_w.l(libshutdown2.o)
    0x080001ae   0x080001ae   0x00000000   Code   RO         1043    .ARM.Collect$$libshutdown$$00000004  c_w.l(libshutdown2.o)
    0x080001ae   0x080001ae   0x00000000   Code   RO         1045    .ARM.Collect$$libshutdown$$00000006  c_w.l(libshutdown2.o)
    0x080001ae   0x080001ae   0x00000000   Code   RO         1048    .ARM.Collect$$libshutdown$$00000009  c_w.l(libshutdown2.o)
    0x080001ae   0x080001ae   0x00000000   Code   RO         1051    .ARM.Collect$$libshutdown$$0000000C  c_w.l(libshutdown2.o)
    0x080001ae   0x080001ae   0x00000000   Code   RO         1053    .ARM.Collect$$libshutdown$$0000000E  c_w.l(libshutdown2.o)
    0x080001ae   0x080001ae   0x00000000   Code   RO         1056    .ARM.Collect$$libshutdown$$00000011  c_w.l(libshutdown2.o)
    0x080001ae   0x080001ae   0x00000002   Code   RO         1057    .ARM.Collect$$libshutdown$$00000012  c_w.l(libshutdown2.o)
    0x080001b0   0x080001b0   0x00000000   Code   RO          919    .ARM.Collect$$rtentry$$00000000  c_w.l(__rtentry.o)
    0x080001b0   0x080001b0   0x00000000   Code   RO          966    .ARM.Collect$$rtentry$$00000002  c_w.l(__rtentry2.o)
    0x080001b0   0x080001b0   0x00000006   Code   RO          978    .ARM.Collect$$rtentry$$00000004  c_w.l(__rtentry4.o)
    0x080001b6   0x080001b6   0x00000000   Code   RO          968    .ARM.Collect$$rtentry$$00000009  c_w.l(__rtentry2.o)
    0x080001b6   0x080001b6   0x00000004   Code   RO          969    .ARM.Collect$$rtentry$$0000000A  c_w.l(__rtentry2.o)
    0x080001ba   0x080001ba   0x00000000   Code   RO          971    .ARM.Collect$$rtentry$$0000000C  c_w.l(__rtentry2.o)
    0x080001ba   0x080001ba   0x00000008   Code   RO          972    .ARM.Collect$$rtentry$$0000000D  c_w.l(__rtentry2.o)
    0x080001c2   0x080001c2   0x00000002   Code   RO         1003    .ARM.Collect$$rtexit$$00000000  c_w.l(rtexit.o)
    0x080001c4   0x080001c4   0x00000000   Code   RO         1015    .ARM.Collect$$rtexit$$00000002  c_w.l(rtexit2.o)
    0x080001c4   0x080001c4   0x00000004   Code   RO         1016    .ARM.Collect$$rtexit$$00000003  c_w.l(rtexit2.o)
    0x080001c8   0x080001c8   0x00000006   Code   RO         1017    .ARM.Collect$$rtexit$$00000004  c_w.l(rtexit2.o)
    0x080001ce   0x080001ce   0x00000002   PAD
    0x080001d0   0x080001d0   0x00000034   Code   RO          910    .emb_text           c_w.l(rand.o)
    0x08000204   0x08000204   0x00000040   Code   RO          858  * .text               startup_stm32f10x_xl.o
    0x08000244   0x08000244   0x0000003c   Code   RO          911    .text               c_w.l(rand.o)
    0x08000280   0x08000280   0x00000006   Code   RO          915    .text               c_w.l(heapauxi.o)
    0x08000286   0x08000286   0x0000004a   Code   RO          984    .text               c_w.l(sys_stackheap_outer.o)
    0x080002d0   0x080002d0   0x00000012   Code   RO          986    .text               c_w.l(exit.o)
    0x080002e2   0x080002e2   0x00000002   PAD
    0x080002e4   0x080002e4   0x00000008   Code   RO         1000    .text               c_w.l(libspace.o)
    0x080002ec   0x080002ec   0x00000002   Code   RO         1011    .text               c_w.l(use_no_semi.o)
    0x080002ee   0x080002ee   0x00000000   Code   RO         1013    .text               c_w.l(indicate_semi.o)
    0x080002ee   0x080002ee   0x00000002   PAD
    0x080002f0   0x080002f0   0x0000000c   Code   RO         1027    .text               c_w.l(sys_exit.o)
    0x080002fc   0x080002fc   0x00000138   Code   RO          160    i.EXTI15_10_IRQHandler  boutons.o
    0x08000434   0x08000434   0x00000070   Code   RO          161    i.EXTI3_IRQHandler  boutons.o
    0x080004a4   0x080004a4   0x0000003c   Code   RO          287    i.GLCD_ClearScreen  glcd_mcbstm32e.o
    0x080004e0   0x080004e0   0x00000070   Code   RO          288    i.GLCD_DrawBargraph  glcd_mcbstm32e.o
    0x08000550   0x08000550   0x00000054   Code   RO          289    i.GLCD_DrawBitmap   glcd_mcbstm32e.o
    0x080005a4   0x080005a4   0x000000d0   Code   RO          290    i.GLCD_DrawChar     glcd_mcbstm32e.o
    0x08000674   0x08000674   0x0000002c   Code   RO          294    i.GLCD_DrawString   glcd_mcbstm32e.o
    0x080006a0   0x080006a0   0x00000634   Code   RO          298    i.GLCD_Initialize   glcd_mcbstm32e.o
    0x08000cd4   0x08000cd4   0x00000010   Code   RO          300    i.GLCD_SetBackgroundColor  glcd_mcbstm32e.o
    0x08000ce4   0x08000ce4   0x00000010   Code   RO          301    i.GLCD_SetFont      glcd_mcbstm32e.o
    0x08000cf4   0x08000cf4   0x00000010   Code   RO          302    i.GLCD_SetForegroundColor  glcd_mcbstm32e.o
    0x08000d04   0x08000d04   0x000000ac   Code   RO          303    i.GLCD_SetWindow    glcd_mcbstm32e.o
    0x08000db0   0x08000db0   0x00000008   Code   RO          865    i.SetSysClock       system_stm32f10x.o
    0x08000db8   0x08000db8   0x000000e0   Code   RO          866    i.SetSysClockTo72   system_stm32f10x.o
    0x08000e98   0x08000e98   0x00000060   Code   RO          868    i.SystemInit        system_stm32f10x.o
    0x08000ef8   0x08000ef8   0x0000017c   Code   RO          111    i.TIM1_UP_TIM10_IRQHandler  timers.o
    0x08001074   0x08001074   0x0000004c   Code   RO          112    i.TIM2_IRQHandler   timers.o
    0x080010c0   0x080010c0   0x0000002c   Code   RO          196    i.afficheBouleScore  jeu.o
    0x080010ec   0x080010ec   0x00000120   Code   RO          197    i.avance            jeu.o
    0x0800120c   0x0800120c   0x000000dc   Code   RO          162    i.cfgIO             boutons.o
    0x080012e8   0x080012e8   0x00000050   Code   RO          113    i.cfgTimer1         timers.o
    0x08001338   0x08001338   0x00000034   Code   RO          114    i.cfgTimer2         timers.o
    0x0800136c   0x0800136c   0x00000046   Code   RO          198    i.collision         jeu.o
    0x080013b2   0x080013b2   0x00000002   PAD
    0x080013b4   0x080013b4   0x00000030   Code   RO          199    i.collisionAvecEnnemis  jeu.o
    0x080013e4   0x080013e4   0x0000011c   Code   RO          200    i.creerEnnemi       jeu.o
    0x08001500   0x08001500   0x00000058   Code   RO          201    i.creerNourriture   jeu.o
    0x08001558   0x08001558   0x0000002c   Code   RO          306    i.delay_ms          glcd_mcbstm32e.o
    0x08001584   0x08001584   0x00000054   Code   RO          202    i.dessinePlateau    jeu.o
    0x080015d8   0x080015d8   0x00000268   Code   RO            4    i.main              main.o
    0x08001840   0x08001840   0x00000078   Code   RO          203    i.orienteEnnemi     jeu.o
    0x080018b8   0x080018b8   0x00000024   Code   RO          204    i.orienteTousLesEnnemis  jeu.o
    0x080018dc   0x080018dc   0x00000008   Code   RO          307    i.rd_dat            glcd_mcbstm32e.o
    0x080018e4   0x080018e4   0x000000ca   Code   RO          205    i.update            jeu.o
    0x080019ae   0x080019ae   0x00000008   Code   RO          308    i.wr_cmd            glcd_mcbstm32e.o
    0x080019b6   0x080019b6   0x00000008   Code   RO          309    i.wr_dat            glcd_mcbstm32e.o
    0x080019be   0x080019be   0x00000008   Code   RO          310    i.wr_dat_only       glcd_mcbstm32e.o
    0x080019c6   0x080019c6   0x00000014   Code   RO          311    i.wr_reg            glcd_mcbstm32e.o
    0x080019da   0x080019da   0x00000520   Data   RO          271    .constdata          formes.o
    0x08001efa   0x08001efa   0x00000002   PAD
    0x08001efc   0x08001efc   0x000018a0   Data   RO          460    .constdata          glcd_fonts.o
    0x0800379c   0x0800379c   0x00000020   Data   RO         1074    Region$$Table       anon$$obj.o


    Execution Region ER_RW (Exec base: 0x20000000, Load base: 0x080037bc, Size: 0x00000024, Max: 0xffffffff, ABSOLUTE)

    Exec Addr    Load Addr    Size         Type   Attr      Idx    E Section Name        Object

    0x20000000   0x080037bc   0x00000004   Data   RW            6    .data               main.o
    0x20000004   0x080037c0   0x00000009   Data   RW          312    .data               glcd_mcbstm32e.o
    0x2000000d   0x080037c9   0x00000003   PAD
    0x20000010   0x080037cc   0x00000014   Data   RW          869    .data               system_stm32f10x.o


    Execution Region ER_ZI (Exec base: 0x20000024, Load base: 0x080037e0, Size: 0x00000884, Max: 0xffffffff, ABSOLUTE)

    Exec Addr    Load Addr    Size         Type   Attr      Idx    E Section Name        Object

    0x20000024        -       0x00000140   Zero   RW            5    .bss                main.o
    0x20000164        -       0x000000e4   Zero   RW          912    .bss                c_w.l(rand.o)
    0x20000248        -       0x00000060   Zero   RW         1001    .bss                c_w.l(libspace.o)
    0x200002a8        -       0x00000200   Zero   RW          856    HEAP                startup_stm32f10x_xl.o
    0x200004a8        -       0x00000400   Zero   RW          855    STACK               startup_stm32f10x_xl.o


==============================================================================

Image component sizes


      Code (inc. data)   RO Data    RW Data    ZI Data      Debug   Object Name

       644         66          0          0          0       1438   boutons.o
         0          0       1312          0          0       1229   formes.o
         0          0       6304          0          0        556   glcd_fonts.o
      2412        114          0          9          0      10476   glcd_mcbstm32e.o
      1264         90          0          0          0       5678   jeu.o
       616         84          0          4        320       6866   main.o
        64         26        304          0       1536        796   startup_stm32f10x_xl.o
       328         28          0         20          0       2189   system_stm32f10x.o
       588         46          0          0          0       1849   timers.o

    ----------------------------------------------------------------------
      5918        454       7954         36       1856      31077   Object Totals
         0          0         32          0          0          0   (incl. Generated)
         2          0          2          3          0          0   (incl. Padding)

    ----------------------------------------------------------------------

      Code (inc. data)   RO Data    RW Data    ZI Data      Debug   Library Member Name

         8          0          0          0          0         68   __main.o
         0          0          0          0          0          0   __rtentry.o
        12          0          0          0          0          0   __rtentry2.o
         6          0          0          0          0          0   __rtentry4.o
        52          8          0          0          0          0   __scatter.o
        26          0          0          0          0          0   __scatter_copy.o
        28          0          0          0          0          0   __scatter_zi.o
        18          0          0          0          0         80   exit.o
         6          0          0          0          0        152   heapauxi.o
         0          0          0          0          0          0   indicate_semi.o
         2          0          0          0          0          0   libinit.o
         6          0          0          0          0          0   libinit2.o
         2          0          0          0          0          0   libshutdown.o
         2          0          0          0          0          0   libshutdown2.o
         8          4          0          0         96         68   libspace.o
       112         18          0          0        228        160   rand.o
         2          0          0          0          0          0   rtexit.o
        10          0          0          0          0          0   rtexit2.o
        12          4          0          0          0         68   sys_exit.o
        74          0          0          0          0         80   sys_stackheap_outer.o
         2          0          0          0          0         68   use_no_semi.o

    ----------------------------------------------------------------------
       396         34          0          0        324        744   Library Totals
         8          0          0          0          0          0   (incl. Padding)

    ----------------------------------------------------------------------

      Code (inc. data)   RO Data    RW Data    ZI Data      Debug   Library Name

       388         34          0          0        324        744   c_w.l

    ----------------------------------------------------------------------
       396         34          0          0        324        744   Library Totals

    ----------------------------------------------------------------------

==============================================================================


      Code (inc. data)   RO Data    RW Data    ZI Data      Debug   

      6314        488       7954         36       2180      29789   Grand Totals
      6314        488       7954         36       2180      29789   ELF Image Totals
      6314        488       7954         36          0          0   ROM Totals

==============================================================================

    Total RO  Size (Code + RO Data)                14268 (  13.93kB)
    Total RW  Size (RW Data + ZI Data)              2216 (   2.16kB)
    Total ROM Size (Code + RO Data + RW Data)      14304 (  13.97kB)

==============================================================================

